Archive member included to satisfy reference by file (symbol)

C:/Program Files/SEGGER/SEGGER Embedded Studio for ARM 4.42a/lib/libc_v7em_fpv4_sp_d16_hard_t_le_eabi.a(libc_asm.o)
                              Output/BLE_thermostat Release/Obj/bsp.o (__aeabi_uldivmod)
C:/Program Files/SEGGER/SEGGER Embedded Studio for ARM 4.42a/lib/libc_v7em_fpv4_sp_d16_hard_t_le_eabi.a(libc2.o)
                              Output/BLE_thermostat Release/Obj/nrf_log_str_formatter.o (isprint)
C:/Program Files/SEGGER/SEGGER Embedded Studio for ARM 4.42a/lib/libc_v7em_fpv4_sp_d16_hard_t_le_eabi.a(libc2_asm.o)
                              Output/BLE_thermostat Release/Obj/nrf_log_frontend.o (memcpy)
C:/Program Files/SEGGER/SEGGER Embedded Studio for ARM 4.42a/lib/libc_v7em_fpv4_sp_d16_hard_t_le_eabi.a(libc.o)
                              C:/Program Files/SEGGER/SEGGER Embedded Studio for ARM 4.42a/lib/libc_v7em_fpv4_sp_d16_hard_t_le_eabi.a(libc2.o) (__heap_lock)
C:/Program Files/SEGGER/SEGGER Embedded Studio for ARM 4.42a/lib/libdebugio_v7em_fpv4_sp_d16_hard_t_le_eabi.a(libdebugio.o)
                              Output/BLE_thermostat Release/Obj/thumb_crt0.o (debug_fopen)
C:/Program Files/SEGGER/SEGGER Embedded Studio for ARM 4.42a/lib/libdebugio_mempoll_v7em_fpv4_sp_d16_hard_t_le_eabi.a(mempoll_debug_operations.o)
                              C:/Program Files/SEGGER/SEGGER Embedded Studio for ARM 4.42a/lib/libdebugio_v7em_fpv4_sp_d16_hard_t_le_eabi.a(libdebugio.o) (__do_debug_operation)
C:/Program Files/SEGGER/SEGGER Embedded Studio for ARM 4.42a/lib/libdebugio_mempoll_v7em_fpv4_sp_d16_hard_t_le_eabi.a(do_nv_debug_operation.o)
                              C:/Program Files/SEGGER/SEGGER Embedded Studio for ARM 4.42a/lib/libdebugio_v7em_fpv4_sp_d16_hard_t_le_eabi.a(libdebugio.o) (__do_nvdebug_operation)
C:/Program Files/SEGGER/SEGGER Embedded Studio for ARM 4.42a/lib/libm_v7em_fpv4_sp_d16_hard_t_le_eabi.a(libm_asm.o)
                              C:/Program Files/SEGGER/SEGGER Embedded Studio for ARM 4.42a/lib/libc_v7em_fpv4_sp_d16_hard_t_le_eabi.a(libc2.o) (__aeabi_dadd)
C:/Program Files/SEGGER/SEGGER Embedded Studio for ARM 4.42a/lib/libm_v7em_fpv4_sp_d16_hard_t_le_eabi.a(libm2.o)
                              C:/Program Files/SEGGER/SEGGER Embedded Studio for ARM 4.42a/lib/libvfprintf_v7em_fpv4_sp_d16_hard_t_le_eabi.o (frexp)

Discarded input sections

 .text          0x0000000000000000        0x0 Output/BLE_thermostat Release/Obj/thumb_crt0.o
 .data          0x0000000000000000        0x0 Output/BLE_thermostat Release/Obj/thumb_crt0.o
 .bss           0x0000000000000000        0x0 Output/BLE_thermostat Release/Obj/thumb_crt0.o
 .text.__aeabi_read_tp
                0x0000000000000000        0x8 Output/BLE_thermostat Release/Obj/thumb_crt0.o
 .text.abort    0x0000000000000000        0x2 Output/BLE_thermostat Release/Obj/thumb_crt0.o
 .text.__assert
                0x0000000000000000        0x2 Output/BLE_thermostat Release/Obj/thumb_crt0.o
 .text.__aeabi_assert
                0x0000000000000000        0x2 Output/BLE_thermostat Release/Obj/thumb_crt0.o
 .text.__sync_synchronize
                0x0000000000000000        0x2 Output/BLE_thermostat Release/Obj/thumb_crt0.o
 .text.__getchar
                0x0000000000000000        0x4 Output/BLE_thermostat Release/Obj/thumb_crt0.o
 .text.__putchar
                0x0000000000000000        0x4 Output/BLE_thermostat Release/Obj/thumb_crt0.o
 .text.__open   0x0000000000000000        0x4 Output/BLE_thermostat Release/Obj/thumb_crt0.o
 .text.__close  0x0000000000000000        0x4 Output/BLE_thermostat Release/Obj/thumb_crt0.o
 .text.__write  0x0000000000000000        0xa Output/BLE_thermostat Release/Obj/thumb_crt0.o
 .text.__read   0x0000000000000000        0xa Output/BLE_thermostat Release/Obj/thumb_crt0.o
 .text.__seek   0x0000000000000000       0x1a Output/BLE_thermostat Release/Obj/thumb_crt0.o
 .bss.__user_locale_name_buffer
                0x0000000000000000        0x4 Output/BLE_thermostat Release/Obj/thumb_crt0.o
 .stack         0x0000000000000000        0x0 Output/BLE_thermostat Release/Obj/thumb_crt0.o
 .stack_process
                0x0000000000000000        0x0 Output/BLE_thermostat Release/Obj/thumb_crt0.o
 .heap          0x0000000000000000        0x0 Output/BLE_thermostat Release/Obj/thumb_crt0.o
 .group         0x0000000000000000        0xc Output/BLE_thermostat Release/Obj/nrf_log_backend_rtt.o
 .group         0x0000000000000000        0xc Output/BLE_thermostat Release/Obj/nrf_log_backend_rtt.o
 .group         0x0000000000000000        0xc Output/BLE_thermostat Release/Obj/nrf_log_backend_rtt.o
 .group         0x0000000000000000        0xc Output/BLE_thermostat Release/Obj/nrf_log_backend_rtt.o
 .group         0x0000000000000000        0xc Output/BLE_thermostat Release/Obj/nrf_log_backend_rtt.o
 .group         0x0000000000000000        0xc Output/BLE_thermostat Release/Obj/nrf_log_backend_rtt.o
[...]
Memory Configuration

Name             Origin             Length             Attributes
UNPLACED_SECTIONS 0x0000000100000000 0x0000000000000000 xw
RAM              0x0000000020000000 0x0000000000010000 xw
FLASH            0x0000000000000000 0x0000000000080000 xw
*default*        0x0000000000000000 0xffffffffffffffff

Linker script and memory map

                0x000000000002cd58                __vfprintf = __vfprintf_long
                0x0000000000000000                __vfscanf = __vfscanf_long
                0x0000000020000000                __RAM_segment_start__ = 0x20000000
                0x0000000020010000                __RAM_segment_end__ = 0x20010000
                0x0000000000010000                __RAM_segment_size__ = 0x10000
                0x0000000000000000                __FLASH_segment_start__ = 0x0
                0x0000000000080000                __FLASH_segment_end__ = 0x80000
                0x0000000000080000                __FLASH_segment_size__ = 0x80000
                0x0000000000002000                __HEAPSIZE__ = 0x2000
                0x0000000000000000                __STACKSIZE_PROCESS__ = 0x0
                0x0000000000002000                __STACKSIZE__ = 0x2000
                0x0000000020000000                __reserved_ram_load_start__ = 0x20000000

.reserved_ram   0x0000000020000000     0x2a28
                0x0000000020000000                __reserved_ram_start__ = .
 *(.reserved_ram .reserved_ram.*)
                0x0000000020002a28                . = MAX (((__reserved_ram_start__ + 0x20002a28) - 0x20000000), .)
 *fill*         0x0000000020000000     0x2a28 
                0x0000000020002a28                __reserved_ram_end__ = (__reserved_ram_start__ + SIZEOF (.reserved_ram))
                0x0000000000002a28                __reserved_ram_size__ = SIZEOF (.reserved_ram)
                0x0000000020002a28                __reserved_ram_load_end__ = __reserved_ram_end__
                0x0000000000000001                . = ASSERT (((__reserved_ram_start__ == __reserved_ram_end__) || ((__reserved_ram_end__ - __RAM_segment_start__) <= __RAM_segment_size__)), error: .reserved_ram is too large to fit in RAM memory segment)
                0x0000000020002a28                __vectors_ram_load_start__ = 0x20002a28

.vectors_ram    0x0000000020002a28        0x0
                0x0000000020002a28                __vectors_ram_start__ = .
                0x0000000020002a28                __app_ram_start__ = __vectors_ram_start__
 *(.vectors_ram .vectors_ram.*)
                0x0000000020002a28                __vectors_ram_end__ = (__vectors_ram_start__ + SIZEOF (.vectors_ram))
                0x0000000000000000                __vectors_ram_size__ = SIZEOF (.vectors_ram)
                0x0000000020002a28                __vectors_ram_load_end__ = __vectors_ram_end__
                0x0000000000000001                . = ASSERT (((__vectors_ram_start__ == __vectors_ram_end__) || ((__vectors_ram_end__ - __RAM_segment_start__) <= __RAM_segment_size__)), error: .vectors_ram is too large to fit in RAM memory segment)
                0x0000000000000001                . = ASSERT ((__reserved_ram_end__ <= __vectors_ram_start__), error: section .reserved_ram overlaps absolute placed section .vectors_ram)
                0x0000000020002a28                __nrf_sections_run_load_start__ = ALIGN (__vectors_ram_end__, 0x4)

.nrf_sections_run
                0x0000000020002a28        0x0
                0x0000000020002a28                __nrf_sections_run_start__ = .
                0x0000000020002a28                __start_nrf_sections_run = __nrf_sections_run_start__
 *(.nrf_sections_run .nrf_sections_run.*)
                0x0000000020002a28                __nrf_sections_run_end__ = (__nrf_sections_run_start__ + SIZEOF (.nrf_sections_run))
                0x0000000000000000                __nrf_sections_run_size__ = SIZEOF (.nrf_sections_run)
                0x0000000020002a28                __nrf_sections_run_load_end__ = __nrf_sections_run_end__
                0x0000000000000001                . = ASSERT (((__nrf_sections_run_start__ == __nrf_sections_run_end__) || ((__nrf_sections_run_end__ - __RAM_segment_start__) <= __RAM_segment_size__)), error: .nrf_sections_run is too large to fit in RAM memory segment)
                0x0000000000000000                __reserved_flash_load_start__ = 0x0

.reserved_flash
                0x0000000000000000    0x26000
                0x0000000000000000                __reserved_flash_start__ = .
 *(.reserved_flash .reserved_flash.*)
                0x0000000000026000                . = MAX (((__reserved_flash_start__ + 0x26000) - 0x0), .)
 *fill*         0x0000000000000000    0x26000 
                0x0000000000026000                __reserved_flash_end__ = (__reserved_flash_start__ + SIZEOF (.reserved_flash))
                0x0000000000026000                __reserved_flash_size__ = SIZEOF (.reserved_flash)
                0x0000000000026000                __reserved_flash_load_end__ = __reserved_flash_end__
                0x0000000000000001                . = ASSERT (((__reserved_flash_start__ == __reserved_flash_end__) || ((__reserved_flash_end__ - __FLASH_segment_start__) <= __FLASH_segment_size__)), error: .reserved_flash is too large to fit in FLASH memory segment)
                0x0000000000026000                __vectors_load_start__ = 0x26000

.vectors        0x0000000000026000      0x200
                0x0000000000026000                __vectors_start__ = .
 *(.vectors .vectors.*)
 .vectors       0x0000000000026000      0x200 Output/BLE_thermostat Release/Obj/ses_startup_nrf52.o
                0x0000000000026000                _vectors
                0x0000000000026200                __vectors_end__ = (__vectors_start__ + SIZEOF (.vectors))
                0x0000000000000200                __vectors_size__ = SIZEOF (.vectors)
                0x0000000000026200                __vectors_load_end__ = __vectors_end__
                0x0000000000000001                . = ASSERT (((__vectors_start__ == __vectors_end__) || ((__vectors_end__ - __FLASH_segment_start__) <= __FLASH_segment_size__)), error: .vectors is too large to fit in FLASH memory segment)
                0x0000000000000001                . = ASSERT ((__reserved_flash_end__ <= __vectors_start__), error: section .reserved_flash overlaps absolute placed section .vectors)
                0x0000000000026200                __init_load_start__ = ALIGN (__vectors_end__, 0x4)

.init           0x0000000000026200      0x1d0
                0x0000000000026200                __init_start__ = .
 *(.init .init.*)
 .init          0x0000000000026200      0x15c Output/BLE_thermostat Release/Obj/thumb_crt0.o
                0x0000000000026200                _start
                0x00000000000262b4                exit
 .init          0x000000000002635c       0x18 Output/BLE_thermostat Release/Obj/ses_startup_nrf52.o
                0x000000000002635c                NMI_Handler
                0x000000000002635e                HardFault_Handler
                0x0000000000026360                MemoryManagement_Handler
                0x0000000000026362                BusFault_Handler
                0x0000000000026364                UsageFault_Handler
                0x0000000000026366                SVC_Handler
                0x0000000000026368                DebugMon_Handler
                0x000000000002636a                PendSV_Handler
                0x000000000002636c                SysTick_Handler
                0x000000000002636e                SWI0_EGU0_IRQHandler
                0x000000000002636e                RADIO_IRQHandler
                0x000000000002636e                PDM_IRQHandler
                0x000000000002636e                PWM1_IRQHandler
                0x000000000002636e                QDEC_IRQHandler
                0x000000000002636e                TIMER3_IRQHandler
                0x000000000002636e                RTC0_IRQHandler
                0x000000000002636e                SPIM0_SPIS0_TWIM0_TWIS0_SPI0_TWI0_IRQHandler
                0x000000000002636e                TEMP_IRQHandler
                0x000000000002636e                TIMER4_IRQHandler
                0x000000000002636e                I2S_IRQHandler
                0x000000000002636e                SWI4_EGU4_IRQHandler
                0x000000000002636e                TIMER0_IRQHandler
                0x000000000002636e                Dummy_Handler
                0x000000000002636e                TIMER1_IRQHandler
                0x000000000002636e                PWM2_IRQHandler
                0x000000000002636e                ECB_IRQHandler
                0x000000000002636e                SPIM1_SPIS1_TWIM1_TWIS1_SPI1_TWI1_IRQHandler
                0x000000000002636e                SAADC_IRQHandler
                0x000000000002636e                CCM_AAR_IRQHandler
                0x000000000002636e                WDT_IRQHandler
                0x000000000002636e                FPU_IRQHandler
                0x000000000002636e                SWI5_EGU5_IRQHandler
                0x000000000002636e                RNG_IRQHandler
                0x000000000002636e                RTC2_IRQHandler
                0x000000000002636e                PWM0_IRQHandler
                0x000000000002636e                SWI3_EGU3_IRQHandler
                0x000000000002636e                SWI1_EGU1_IRQHandler
                0x000000000002636e                SPIM2_SPIS2_SPI2_IRQHandler
                0x000000000002636e                NFCT_IRQHandler
                0x000000000002636e                TIMER2_IRQHandler
                0x000000000002636e                MWU_IRQHandler
                0x000000000002636e                COMP_LPCOMP_IRQHandler
                0x0000000000026370                nRFInitialize
 .init          0x0000000000026374       0x5c Output/BLE_thermostat Release/Obj/ses_startup_nrf_common.o
                0x0000000000026374                Reset_Handler
                0x0000000000026378                afterInitialize
                0x000000000002639c                InitializeUserMemorySections
                0x00000000000263d0                __init_end__ = (__init_start__ + SIZEOF (.init))
                0x00000000000001d0                __init_size__ = SIZEOF (.init)
                0x00000000000263d0                __init_load_end__ = __init_end__
                0x0000000000000001                . = ASSERT (((__init_start__ == __init_end__) || ((__init_end__ - __FLASH_segment_start__) <= __FLASH_segment_size__)), error: .init is too large to fit in FLASH memory segment)
                0x00000000000263d0                __init_rodata_load_start__ = ALIGN (__init_end__, 0x4)

.init_rodata    0x00000000000263d0        0x0
                0x00000000000263d0                __init_rodata_start__ = .
 *(.init_rodata .init_rodata.*)
                0x00000000000263d0                __init_rodata_end__ = (__init_rodata_start__ + SIZEOF (.init_rodata))
                0x0000000000000000                __init_rodata_size__ = SIZEOF (.init_rodata)
                0x00000000000263d0                __init_rodata_load_end__ = __init_rodata_end__
                0x0000000000000001                . = ASSERT (((__init_rodata_start__ == __init_rodata_end__) || ((__init_rodata_end__ - __FLASH_segment_start__) <= __FLASH_segment_size__)), error: .init_rodata is too large to fit in FLASH memory segment)
                0x00000000000263d0                __text_load_start__ = ALIGN (__init_rodata_end__, 0x4)

.text           0x00000000000263d0     0x6fec
                0x00000000000263d0                __text_start__ = .
 *(.text .text.* .glue_7t .glue_7 .gnu.linkonce.t.* .gcc_except_table .ARM.extab* .gnu.linkonce.armextab.*)
 .glue_7        0x00000000000263d0        0x0 linker stubs
 .glue_7t       0x00000000000263d0        0x0 linker stubs
 .text.nrf_log_backend_rtt_flush
                0x00000000000263d0        0x2 Output/BLE_thermostat Release/Obj/nrf_log_backend_rtt.o
 *fill*         0x00000000000263d2        0x2 
 .text.nrf_log_backend_rtt_put
                0x00000000000263d4       0x1c Output/BLE_thermostat Release/Obj/nrf_log_backend_rtt.o
 .text.serial_tx
                0x00000000000263f0       0x50 Output/BLE_thermostat Release/Obj/nrf_log_backend_rtt.o
 .text.nrf_log_backend_rtt_panic_set
                0x0000000000026440        0x2 Output/BLE_thermostat Release/Obj/nrf_log_backend_rtt.o
 .text.nrf_log_backend_rtt_init
                0x0000000000026442        0x4 Output/BLE_thermostat Release/Obj/nrf_log_backend_rtt.o
                0x0000000000026442                nrf_log_backend_rtt_init
 .text.nrf_log_backend_serial_put
                0x0000000000026446       0xc2 Output/BLE_thermostat Release/Obj/nrf_log_backend_serial.o
                0x0000000000026446                nrf_log_backend_serial_put
 .text.nrf_log_default_backends_init
                0x0000000000026508       0x20 Output/BLE_thermostat Release/Obj/nrf_log_default_backends.o
                0x0000000000026508                nrf_log_default_backends_init
 .text.invalid_packets_omit
                0x0000000000026528       0x3a Output/BLE_thermostat Release/Obj/nrf_log_frontend.o
 *fill*         0x0000000000026562        0x2 
 .text.buf_prealloc
                0x0000000000026564      0x138 Output/BLE_thermostat Release/Obj/nrf_log_frontend.o
 .text.nrf_log_init
                0x000000000002669c       0x3c Output/BLE_thermostat Release/Obj/nrf_log_frontend.o
                0x000000000002669c                nrf_log_init
 .text.nrf_log_module_name_get
                0x00000000000266d8       0x38 Output/BLE_thermostat Release/Obj/nrf_log_frontend.o
                0x00000000000266d8                nrf_log_module_name_get
 .text.nrf_log_color_id_get
                0x0000000000026710       0x2c Output/BLE_thermostat Release/Obj/nrf_log_frontend.o
                0x0000000000026710                nrf_log_color_id_get
 .text.buffer_is_empty
                0x000000000002673c       0x14 Output/BLE_thermostat Release/Obj/nrf_log_frontend.o
                0x000000000002673c                buffer_is_empty
 .text.nrf_log_frontend_dequeue
                0x0000000000026750      0x220 Output/BLE_thermostat Release/Obj/nrf_log_frontend.o
                0x0000000000026750                nrf_log_frontend_dequeue
 .text.std_n    0x0000000000026970       0x98 Output/BLE_thermostat Release/Obj/nrf_log_frontend.o
 .text.nrf_log_frontend_std_0
                0x0000000000026a08        0x8 Output/BLE_thermostat Release/Obj/nrf_log_frontend.o
                0x0000000000026a08                nrf_log_frontend_std_0
 .text.nrf_log_frontend_std_1
                0x0000000000026a10       0x12 Output/BLE_thermostat Release/Obj/nrf_log_frontend.o
                0x0000000000026a10                nrf_log_frontend_std_1
 .text.nrf_log_frontend_std_2
                0x0000000000026a22       0x14 Output/BLE_thermostat Release/Obj/nrf_log_frontend.o
                0x0000000000026a22                nrf_log_frontend_std_2
 .text.nrf_log_frontend_std_3
                0x0000000000026a36       0x18 Output/BLE_thermostat Release/Obj/nrf_log_frontend.o
                0x0000000000026a36                nrf_log_frontend_std_3
 .text.nrf_log_frontend_std_6
                0x0000000000026a4e       0x24 Output/BLE_thermostat Release/Obj/nrf_log_frontend.o
                0x0000000000026a4e                nrf_log_frontend_std_6
 *fill*         0x0000000000026a72        0x2 
 .text.nrf_log_frontend_hexdump
                0x0000000000026a74       0xbc Output/BLE_thermostat Release/Obj/nrf_log_frontend.o
                0x0000000000026a74                nrf_log_frontend_hexdump
 .text.nrf_log_backend_add
                0x0000000000026b30       0x44 Output/BLE_thermostat Release/Obj/nrf_log_frontend.o
                0x0000000000026b30                nrf_log_backend_add
 .text.nrf_log_panic
                0x0000000000026b74       0x2c Output/BLE_thermostat Release/Obj/nrf_log_frontend.o
                0x0000000000026b74                nrf_log_panic
 .text.postfix_process
                0x0000000000026ba0       0x44 Output/BLE_thermostat Release/Obj/nrf_log_str_formatter.o
 .text.prefix_process
                0x0000000000026be4       0x7c Output/BLE_thermostat Release/Obj/nrf_log_str_formatter.o
 .text.nrf_log_std_entry_process
                0x0000000000026c60       0xc8 Output/BLE_thermostat Release/Obj/nrf_log_str_formatter.o
                0x0000000000026c60                nrf_log_std_entry_process
 .text.nrf_log_hexdump_entry_process
                0x0000000000026d28       0xb8 Output/BLE_thermostat Release/Obj/nrf_log_str_formatter.o
                0x0000000000026d28                nrf_log_hexdump_entry_process
 .text.state_set
                0x0000000000026de0       0x24 Output/BLE_thermostat Release/Obj/app_button.o
 .text.button_get
                0x0000000000026e04       0x30 Output/BLE_thermostat Release/Obj/app_button.o
 .text.usr_event
                0x0000000000026e34       0x20 Output/BLE_thermostat Release/Obj/app_button.o
 .text.timer_start
                0x0000000000026e54       0x18 Output/BLE_thermostat Release/Obj/app_button.o
 .text.gpiote_event_handler
                0x0000000000026e6c       0x34 Output/BLE_thermostat Release/Obj/app_button.o
 .text.evt_handle
                0x0000000000026ea0       0xe4 Output/BLE_thermostat Release/Obj/app_button.o
                0x0000000000026ea0                evt_handle
 .text.detection_delay_timeout_handler
                0x0000000000026f84       0x5c Output/BLE_thermostat Release/Obj/app_button.o
 .text.app_button_init
                0x0000000000026fe0       0xac Output/BLE_thermostat Release/Obj/app_button.o
                0x0000000000026fe0                app_button_init
 .text.app_button_enable
                0x000000000002708c       0x2c Output/BLE_thermostat Release/Obj/app_button.o
                0x000000000002708c                app_button_enable
 .text.app_error_handler_bare
                0x00000000000270b8       0x1a Output/BLE_thermostat Release/Obj/app_error.o
                0x00000000000270b8                app_error_handler_bare
 *fill*         0x00000000000270d2        0x2 
 .text.app_error_fault_handler
                0x00000000000270d4       0x70 Output/BLE_thermostat Release/Obj/app_error_weak.o
                0x00000000000270d4                app_error_fault_handler
 .text.app_fifo_init
                0x0000000000027144       0x1e Output/BLE_thermostat Release/Obj/app_fifo.o
                0x0000000000027144                app_fifo_init
 .text.app_fifo_put
                0x0000000000027162       0x24 Output/BLE_thermostat Release/Obj/app_fifo.o
                0x0000000000027162                app_fifo_put
 .text.app_fifo_get
                0x0000000000027186       0x22 Output/BLE_thermostat Release/Obj/app_fifo.o
                0x0000000000027186                app_fifo_get
 .text.compare_func
                0x00000000000271a8       0x16 Output/BLE_thermostat Release/Obj/app_timer2.o
 *fill*         0x00000000000271be        0x2 
 .text.get_now  0x00000000000271c0       0x3c Output/BLE_thermostat Release/Obj/app_timer2.o
 .text.timer_req_schedule
                0x00000000000271fc       0x38 Output/BLE_thermostat Release/Obj/app_timer2.o
 .text.timer_expire
                0x0000000000027234       0x6c Output/BLE_thermostat Release/Obj/app_timer2.o
 .text.app_timer_init
                0x00000000000272a0       0x64 Output/BLE_thermostat Release/Obj/app_timer2.o
                0x00000000000272a0                app_timer_init
 .text.app_timer_create
                0x0000000000027304       0x16 Output/BLE_thermostat Release/Obj/app_timer2.o
                0x0000000000027304                app_timer_create
 .text.app_timer_start
                0x000000000002731a       0x30 Output/BLE_thermostat Release/Obj/app_timer2.o
                0x000000000002731a                app_timer_start
 .text.app_timer_stop
                0x000000000002734a        0xc Output/BLE_thermostat Release/Obj/app_timer2.o
                0x000000000002734a                app_timer_stop
 *fill*         0x0000000000027356        0x2 
 .text.app_timer_cnt_get
                0x0000000000027358        0xc Output/BLE_thermostat Release/Obj/app_timer2.o
                0x0000000000027358                app_timer_cnt_get
 .text.rtc_irq  0x0000000000027364      0x198 Output/BLE_thermostat Release/Obj/app_timer2.o
 .text.nrf_drv_uart_rx.constprop.0
                0x00000000000274fc       0x28 Output/BLE_thermostat Release/Obj/app_uart_fifo.o
 .text.nrf_drv_uart_tx.constprop.0
                0x0000000000027524       0x28 Output/BLE_thermostat Release/Obj/app_uart_fifo.o
 .text.uart_event_handler
                0x000000000002754c       0x9c Output/BLE_thermostat Release/Obj/app_uart_fifo.o
 .text.app_uart_init
                0x00000000000275e8       0xb0 Output/BLE_thermostat Release/Obj/app_uart_fifo.o
                0x00000000000275e8                app_uart_init
 .text.app_uart_get
                0x0000000000027698       0x2c Output/BLE_thermostat Release/Obj/app_uart_fifo.o
                0x0000000000027698                app_uart_get
 .text.app_uart_put
                0x00000000000276c4       0x50 Output/BLE_thermostat Release/Obj/app_uart_fifo.o
                0x00000000000276c4                app_uart_put
 .text.app_util_critical_region_enter
                0x0000000000027714       0x48 Output/BLE_thermostat Release/Obj/app_util_platform.o
                0x0000000000027714                app_util_critical_region_enter
 .text.app_util_critical_region_exit
                0x000000000002775c       0x2c Output/BLE_thermostat Release/Obj/app_util_platform.o
                0x000000000002775c                app_util_critical_region_exit
 .text.evt_pending.isra.0
                0x0000000000027788       0x1a Output/BLE_thermostat Release/Obj/drv_rtc.o
 *fill*         0x00000000000277a2        0x2 
 .text.drv_rtc_init
                0x00000000000277a4       0xac Output/BLE_thermostat Release/Obj/drv_rtc.o
                0x00000000000277a4                drv_rtc_init
 .text.drv_rtc_start
                0x0000000000027850        0x8 Output/BLE_thermostat Release/Obj/drv_rtc.o
                0x0000000000027850                drv_rtc_start
 .text.drv_rtc_stop
                0x0000000000027858        0x8 Output/BLE_thermostat Release/Obj/drv_rtc.o
                0x0000000000027858                drv_rtc_stop
 .text.drv_rtc_compare_set
                0x0000000000027860       0x3e Output/BLE_thermostat Release/Obj/drv_rtc.o
                0x0000000000027860                drv_rtc_compare_set
 *fill*         0x000000000002789e        0x2 
 .text.drv_rtc_windowed_compare_set
                0x00000000000278a0       0xf0 Output/BLE_thermostat Release/Obj/drv_rtc.o
                0x00000000000278a0                drv_rtc_windowed_compare_set
 .text.drv_rtc_overflow_enable
                0x0000000000027990       0x10 Output/BLE_thermostat Release/Obj/drv_rtc.o
                0x0000000000027990                drv_rtc_overflow_enable
 .text.drv_rtc_overflow_pending
                0x00000000000279a0        0xa Output/BLE_thermostat Release/Obj/drv_rtc.o
                0x00000000000279a0                drv_rtc_overflow_pending
 .text.drv_rtc_compare_disable
                0x00000000000279aa       0x14 Output/BLE_thermostat Release/Obj/drv_rtc.o
                0x00000000000279aa                drv_rtc_compare_disable
 .text.drv_rtc_compare_pending
                0x00000000000279be        0xc Output/BLE_thermostat Release/Obj/drv_rtc.o
                0x00000000000279be                drv_rtc_compare_pending
 .text.drv_rtc_counter_get
                0x00000000000279ca        0x8 Output/BLE_thermostat Release/Obj/drv_rtc.o
                0x00000000000279ca                drv_rtc_counter_get
 *fill*         0x00000000000279d2        0x2 
 .text.drv_rtc_irq_trigger
                0x00000000000279d4       0x20 Output/BLE_thermostat Release/Obj/drv_rtc.o
                0x00000000000279d4                drv_rtc_irq_trigger
 .text.RTC1_IRQHandler
                0x00000000000279f4       0x14 Output/BLE_thermostat Release/Obj/drv_rtc.o
                0x00000000000279f4                RTC1_IRQHandler
 .text.nrf_atfifo_init
                0x0000000000027a08       0x26 Output/BLE_thermostat Release/Obj/nrf_atfifo.o
                0x0000000000027a08                nrf_atfifo_init
 .text.nrf_atfifo_item_alloc
                0x0000000000027a2e       0x54 Output/BLE_thermostat Release/Obj/nrf_atfifo.o
                0x0000000000027a2e                nrf_atfifo_item_alloc
 .text.nrf_atfifo_item_put
                0x0000000000027a82       0x20 Output/BLE_thermostat Release/Obj/nrf_atfifo.o
                0x0000000000027a82                nrf_atfifo_item_put
 .text.nrf_atfifo_item_get
                0x0000000000027aa2       0x56 Output/BLE_thermostat Release/Obj/nrf_atfifo.o
                0x0000000000027aa2                nrf_atfifo_item_get
 .text.nrf_atfifo_item_free
                0x0000000000027af8       0x20 Output/BLE_thermostat Release/Obj/nrf_atfifo.o
                0x0000000000027af8                nrf_atfifo_item_free
 .text.nrf_atomic_u32_fetch_store
                0x0000000000027b18       0x16 Output/BLE_thermostat Release/Obj/nrf_atomic.o
                0x0000000000027b18                nrf_atomic_u32_fetch_store
 .text.nrf_atomic_u32_or
                0x0000000000027b2e       0x18 Output/BLE_thermostat Release/Obj/nrf_atomic.o
                0x0000000000027b2e                nrf_atomic_u32_or
 .text.nrf_atomic_u32_fetch_and
                0x0000000000027b46       0x18 Output/BLE_thermostat Release/Obj/nrf_atomic.o
                0x0000000000027b46                nrf_atomic_u32_fetch_and
 .text.nrf_atomic_u32_add
                0x0000000000027b5e       0x18 Output/BLE_thermostat Release/Obj/nrf_atomic.o
                0x0000000000027b5e                nrf_atomic_u32_add
 .text.nrf_atomic_u32_sub
                0x0000000000027b76       0x18 Output/BLE_thermostat Release/Obj/nrf_atomic.o
                0x0000000000027b76                nrf_atomic_u32_sub
 .text.nrf_atomic_flag_set
                0x0000000000027b8e        0x6 Output/BLE_thermostat Release/Obj/nrf_atomic.o
                0x0000000000027b8e                nrf_atomic_flag_set
 .text.nrf_atomic_flag_clear_fetch
                0x0000000000027b94        0x6 Output/BLE_thermostat Release/Obj/nrf_atomic.o
                0x0000000000027b94                nrf_atomic_flag_clear_fetch
 .text.nrf_balloc_init
                0x0000000000027b9a       0x2e Output/BLE_thermostat Release/Obj/nrf_balloc.o
                0x0000000000027b9a                nrf_balloc_init
 .text.nrf_balloc_alloc
                0x0000000000027bc8       0x48 Output/BLE_thermostat Release/Obj/nrf_balloc.o
                0x0000000000027bc8                nrf_balloc_alloc
 .text.nrf_balloc_free
                0x0000000000027c10       0x34 Output/BLE_thermostat Release/Obj/nrf_balloc.o
                0x0000000000027c10                nrf_balloc_free
 .text.nrf_fprintf_buffer_flush
                0x0000000000027c44       0x16 Output/BLE_thermostat Release/Obj/nrf_fprintf.o
                0x0000000000027c44                nrf_fprintf_buffer_flush
 .text.nrf_fprintf
                0x0000000000027c5a       0x1c Output/BLE_thermostat Release/Obj/nrf_fprintf.o
                0x0000000000027c5a                nrf_fprintf
 .text.buffer_add
                0x0000000000027c76       0x2e Output/BLE_thermostat Release/Obj/nrf_fprintf_format.o
 .text.unsigned_print
                0x0000000000027ca4       0xb4 Output/BLE_thermostat Release/Obj/nrf_fprintf_format.o
 .text.nrf_fprintf_fmt
                0x0000000000027d58      0x29c Output/BLE_thermostat Release/Obj/nrf_fprintf_format.o
                0x0000000000027d58                nrf_fprintf_fmt
 .text.memobj_op
                0x0000000000027ff4       0x86 Output/BLE_thermostat Release/Obj/nrf_memobj.o
 .text.nrf_memobj_pool_init
                0x000000000002807a        0x4 Output/BLE_thermostat Release/Obj/nrf_memobj.o
                0x000000000002807a                nrf_memobj_pool_init
 .text.nrf_memobj_free
                0x000000000002807e       0x2c Output/BLE_thermostat Release/Obj/nrf_memobj.o
                0x000000000002807e                nrf_memobj_free
 .text.nrf_memobj_alloc
                0x00000000000280aa       0x5e Output/BLE_thermostat Release/Obj/nrf_memobj.o
                0x00000000000280aa                nrf_memobj_alloc
 .text.nrf_memobj_get
                0x0000000000028108        0x8 Output/BLE_thermostat Release/Obj/nrf_memobj.o
                0x0000000000028108                nrf_memobj_get
 .text.nrf_memobj_put
                0x0000000000028110       0x1e Output/BLE_thermostat Release/Obj/nrf_memobj.o
                0x0000000000028110                nrf_memobj_put
 .text.nrf_memobj_write
                0x000000000002812e       0x14 Output/BLE_thermostat Release/Obj/nrf_memobj.o
                0x000000000002812e                nrf_memobj_write
 .text.nrf_memobj_read
                0x0000000000028142       0x14 Output/BLE_thermostat Release/Obj/nrf_memobj.o
                0x0000000000028142                nrf_memobj_read
 .text.sd_power_system_off
                0x0000000000028156        0x4 Output/BLE_thermostat Release/Obj/nrf_pwr_mgmt.o
 .text.sd_app_evt_wait
                0x000000000002815a        0x4 Output/BLE_thermostat Release/Obj/nrf_pwr_mgmt.o
 *fill*         0x000000000002815e        0x2 
 .text.nrf_pwr_mgmt_init
                0x0000000000028160       0x2c Output/BLE_thermostat Release/Obj/nrf_pwr_mgmt.o
                0x0000000000028160                nrf_pwr_mgmt_init
 .text.nrf_pwr_mgmt_run
                0x000000000002818c       0x4c Output/BLE_thermostat Release/Obj/nrf_pwr_mgmt.o
                0x000000000002818c                nrf_pwr_mgmt_run
 .text.nrf_pwr_mgmt_shutdown
                0x00000000000281d8       0xb4 Output/BLE_thermostat Release/Obj/nrf_pwr_mgmt.o
                0x00000000000281d8                nrf_pwr_mgmt_shutdown
 .text.queue_utilization_get
                0x000000000002828c       0x18 Output/BLE_thermostat Release/Obj/nrf_queue.o
 .text.nrf_queue_is_full
                0x00000000000282a4       0x18 Output/BLE_thermostat Release/Obj/nrf_queue.o
                0x00000000000282a4                nrf_queue_is_full
 .text.nrf_queue_push
                0x00000000000282bc       0xac Output/BLE_thermostat Release/Obj/nrf_queue.o
                0x00000000000282bc                nrf_queue_push
 .text.nrf_queue_is_empty
                0x0000000000028368        0xe Output/BLE_thermostat Release/Obj/nrf_queue.o
                0x0000000000028368                nrf_queue_is_empty
 .text.nrf_queue_generic_pop
                0x0000000000028376       0x8a Output/BLE_thermostat Release/Obj/nrf_queue.o
                0x0000000000028376                nrf_queue_generic_pop
 .text.nrf_ringbuf_init
                0x0000000000028400       0x12 Output/BLE_thermostat Release/Obj/nrf_ringbuf.o
                0x0000000000028400                nrf_ringbuf_init
 .text.nrf_section_iter_init
                0x0000000000028412       0x14 Output/BLE_thermostat Release/Obj/nrf_section_iter.o
                0x0000000000028412                nrf_section_iter_init
 .text.nrf_section_iter_next
                0x0000000000028426       0x18 Output/BLE_thermostat Release/Obj/nrf_section_iter.o
                0x0000000000028426                nrf_section_iter_next
 .text.nrf_sortlist_add
                0x000000000002843e       0x20 Output/BLE_thermostat Release/Obj/nrf_sortlist.o
                0x000000000002843e                nrf_sortlist_add
 .text.nrf_sortlist_pop
                0x000000000002845e        0xc Output/BLE_thermostat Release/Obj/nrf_sortlist.o
                0x000000000002845e                nrf_sortlist_pop
 .text.nrf_sortlist_peek
                0x000000000002846a        0x6 Output/BLE_thermostat Release/Obj/nrf_sortlist.o
                0x000000000002846a                nrf_sortlist_peek
 .text.nrf_sortlist_remove
                0x0000000000028470       0x1a Output/BLE_thermostat Release/Obj/nrf_sortlist.o
                0x0000000000028470                nrf_sortlist_remove
 *fill*         0x000000000002848a        0x2 
 .text.nrf_strerror_find
                0x000000000002848c       0x3c Output/BLE_thermostat Release/Obj/nrf_strerror.o
                0x000000000002848c                nrf_strerror_find
 .text.nrf_strerror_get
                0x00000000000284c8       0x14 Output/BLE_thermostat Release/Obj/nrf_strerror.o
                0x00000000000284c8                nrf_strerror_get
 .text.__putchar
                0x00000000000284dc        0xe Output/BLE_thermostat Release/Obj/retarget.o
                0x00000000000284dc                __putchar
 *fill*         0x00000000000284ea        0x2 
 .text.errata_12
                0x00000000000284ec       0x40 Output/BLE_thermostat Release/Obj/system_nrf52.o
 .text.errata_16
                0x000000000002852c       0x34 Output/BLE_thermostat Release/Obj/system_nrf52.o
 .text.SystemInit
                0x0000000000028560      0x25c Output/BLE_thermostat Release/Obj/system_nrf52.o
                0x0000000000028560                SystemInit
 .text.bsp_board_led_state_get
                0x00000000000287bc       0x1c Output/BLE_thermostat Release/Obj/boards.o
                0x00000000000287bc                bsp_board_led_state_get
 .text.bsp_board_led_on
                0x00000000000287d8       0x18 Output/BLE_thermostat Release/Obj/boards.o
                0x00000000000287d8                bsp_board_led_on
 .text.bsp_board_led_off
                0x00000000000287f0       0x18 Output/BLE_thermostat Release/Obj/boards.o
                0x00000000000287f0                bsp_board_led_off
 .text.bsp_board_leds_off
                0x0000000000028808       0x1e Output/BLE_thermostat Release/Obj/boards.o
                0x0000000000028808                bsp_board_leds_off
 .text.bsp_board_leds_on
                0x0000000000028826       0x1e Output/BLE_thermostat Release/Obj/boards.o
                0x0000000000028826                bsp_board_leds_on
 .text.bsp_board_led_invert
                0x0000000000028844       0x24 Output/BLE_thermostat Release/Obj/boards.o
                0x0000000000028844                bsp_board_led_invert
 .text.bsp_board_button_state_get
                0x0000000000028868       0x1c Output/BLE_thermostat Release/Obj/boards.o
                0x0000000000028868                bsp_board_button_state_get
 .text.bsp_board_pin_to_button_idx
                0x0000000000028884       0x24 Output/BLE_thermostat Release/Obj/boards.o
                0x0000000000028884                bsp_board_pin_to_button_idx
 .text.bsp_board_init
                0x00000000000288a8       0x3e Output/BLE_thermostat Release/Obj/boards.o
                0x00000000000288a8                bsp_board_init
 *fill*         0x00000000000288e6        0x2 
 .text.clock_clk_started_notify
                0x00000000000288e8       0x24 Output/BLE_thermostat Release/Obj/nrf_drv_clock.o
 .text.clock_irq_handler
                0x000000000002890c       0x1c Output/BLE_thermostat Release/Obj/nrf_drv_clock.o
 .text.soc_evt_handler
                0x0000000000028928       0x14 Output/BLE_thermostat Release/Obj/nrf_drv_clock.o
 .text.nrf_drv_clock_init
                0x000000000002893c       0x38 Output/BLE_thermostat Release/Obj/nrf_drv_clock.o
                0x000000000002893c                nrf_drv_clock_init
 .text.nrf_drv_clock_lfclk_release
                0x0000000000028974       0x34 Output/BLE_thermostat Release/Obj/nrf_drv_clock.o
                0x0000000000028974                nrf_drv_clock_lfclk_release
 .text.sd_state_evt_handler
                0x00000000000289a8       0x58 Output/BLE_thermostat Release/Obj/nrf_drv_clock.o
 .text.uarte_evt_handler
                0x0000000000028a00       0x34 Output/BLE_thermostat Release/Obj/nrf_drv_uart.o
 .text.uart_evt_handler
                0x0000000000028a34       0x34 Output/BLE_thermostat Release/Obj/nrf_drv_uart.o
 .text.nrf_drv_uart_init
                0x0000000000028a68       0x7c Output/BLE_thermostat Release/Obj/nrf_drv_uart.o
                0x0000000000028a68                nrf_drv_uart_init
 .text.nrfx_clock_init
                0x0000000000028ae4       0x18 Output/BLE_thermostat Release/Obj/nrfx_clock.o
                0x0000000000028ae4                nrfx_clock_init
 .text.nrfx_clock_enable
                0x0000000000028afc       0x24 Output/BLE_thermostat Release/Obj/nrfx_clock.o
                0x0000000000028afc                nrfx_clock_enable
 .text.nrfx_clock_lfclk_stop
                0x0000000000028b20       0x18 Output/BLE_thermostat Release/Obj/nrfx_clock.o
                0x0000000000028b20                nrfx_clock_lfclk_stop
 .text.POWER_CLOCK_IRQHandler
                0x0000000000028b38       0x64 Output/BLE_thermostat Release/Obj/nrfx_clock.o
                0x0000000000028b38                POWER_CLOCK_IRQHandler
 .text.nrf_gpiote_event_clear
                0x0000000000028b9c       0x18 Output/BLE_thermostat Release/Obj/nrfx_gpiote.o
 .text.nrf_gpio_cfg_sense_set
                0x0000000000028bb4       0x20 Output/BLE_thermostat Release/Obj/nrfx_gpiote.o
 .text.channel_free
                0x0000000000028bd4       0x1c Output/BLE_thermostat Release/Obj/nrfx_gpiote.o
 .text.nrfx_gpiote_init
                0x0000000000028bf0       0x70 Output/BLE_thermostat Release/Obj/nrfx_gpiote.o
                0x0000000000028bf0                nrfx_gpiote_init
 .text.nrfx_gpiote_is_init
                0x0000000000028c60       0x14 Output/BLE_thermostat Release/Obj/nrfx_gpiote.o
                0x0000000000028c60                nrfx_gpiote_is_init
 .text.nrfx_gpiote_in_init
                0x0000000000028c74       0xe4 Output/BLE_thermostat Release/Obj/nrfx_gpiote.o
                0x0000000000028c74                nrfx_gpiote_in_init
 .text.nrfx_gpiote_in_event_enable
                0x0000000000028d58       0x88 Output/BLE_thermostat Release/Obj/nrfx_gpiote.o
                0x0000000000028d58                nrfx_gpiote_in_event_enable
 .text.nrfx_gpiote_in_is_set
                0x0000000000028de0       0x12 Output/BLE_thermostat Release/Obj/nrfx_gpiote.o
                0x0000000000028de0                nrfx_gpiote_in_is_set
 *fill*         0x0000000000028df2        0x2 
 .text.GPIOTE_IRQHandler
                0x0000000000028df4      0x184 Output/BLE_thermostat Release/Obj/nrfx_gpiote.o
                0x0000000000028df4                GPIOTE_IRQHandler
 .text.UARTE0_UART0_IRQHandler
                0x0000000000028f78        0xc Output/BLE_thermostat Release/Obj/nrfx_prs.o
                0x0000000000028f78                UARTE0_UART0_IRQHandler
 .text.nrfx_prs_acquire
                0x0000000000028f84       0x44 Output/BLE_thermostat Release/Obj/nrfx_prs.o
                0x0000000000028f84                nrfx_prs_acquire
 .text.nrf_uart_event_clear
                0x0000000000028fc8       0x10 Output/BLE_thermostat Release/Obj/nrfx_uart.o
 .text.tx_byte  0x0000000000028fd8       0x1e Output/BLE_thermostat Release/Obj/nrfx_uart.o
 .text.rx_enable.isra.0
                0x0000000000028ff6       0x20 Output/BLE_thermostat Release/Obj/nrfx_uart.o
 .text.rx_byte  0x0000000000029016       0x2c Output/BLE_thermostat Release/Obj/nrfx_uart.o
 *fill*         0x0000000000029042        0x2 
 .text.rx_done_event.constprop.0
                0x0000000000029044       0x20 Output/BLE_thermostat Release/Obj/nrfx_uart.o
 .text.nrfx_uart_0_irq_handler
                0x0000000000029064      0x13c Output/BLE_thermostat Release/Obj/nrfx_uart.o
                0x0000000000029064                nrfx_uart_0_irq_handler
 .text.nrfx_uart_init
                0x00000000000291a0      0x178 Output/BLE_thermostat Release/Obj/nrfx_uart.o
                0x00000000000291a0                nrfx_uart_init
 .text.nrfx_uart_tx
                0x0000000000029318       0x8c Output/BLE_thermostat Release/Obj/nrfx_uart.o
                0x0000000000029318                nrfx_uart_tx
 .text.nrfx_uart_tx_in_progress
                0x00000000000293a4       0x18 Output/BLE_thermostat Release/Obj/nrfx_uart.o
                0x00000000000293a4                nrfx_uart_tx_in_progress
 .text.nrfx_uart_rx
                0x00000000000293bc       0xf0 Output/BLE_thermostat Release/Obj/nrfx_uart.o
                0x00000000000293bc                nrfx_uart_rx
 .text.nrf_uarte_event_clear
                0x00000000000294ac       0x10 Output/BLE_thermostat Release/Obj/nrfx_uarte.o
 .text.rx_done_event.constprop.0
                0x00000000000294bc       0x20 Output/BLE_thermostat Release/Obj/nrfx_uarte.o
 .text.nrfx_uarte_0_irq_handler
                0x00000000000294dc      0x118 Output/BLE_thermostat Release/Obj/nrfx_uarte.o
                0x00000000000294dc                nrfx_uarte_0_irq_handler
 .text.nrfx_uarte_init
                0x00000000000295f4      0x190 Output/BLE_thermostat Release/Obj/nrfx_uarte.o
                0x00000000000295f4                nrfx_uarte_init
 .text.nrfx_uarte_tx
                0x0000000000029784       0x90 Output/BLE_thermostat Release/Obj/nrfx_uarte.o
                0x0000000000029784                nrfx_uarte_tx
 .text.nrfx_uarte_tx_in_progress
                0x0000000000029814       0x18 Output/BLE_thermostat Release/Obj/nrfx_uarte.o
                0x0000000000029814                nrfx_uarte_tx_in_progress
 .text.nrfx_uarte_rx
                0x000000000002982c       0xd8 Output/BLE_thermostat Release/Obj/nrfx_uarte.o
                0x000000000002982c                nrfx_uarte_rx
 .text.alert_timer_handler
                0x0000000000029904        0x6 Output/BLE_thermostat Release/Obj/bsp.o
 *fill*         0x000000000002990a        0x2 
 .text.bsp_button_event_handler
                0x000000000002990c       0x9c Output/BLE_thermostat Release/Obj/bsp.o
 .text.button_timer_handler
                0x00000000000299a8        0x8 Output/BLE_thermostat Release/Obj/bsp.o
 .text.leds_off
                0x00000000000299b0       0x2c Output/BLE_thermostat Release/Obj/bsp.o
 .text.bsp_led_indication
                0x00000000000299dc      0x204 Output/BLE_thermostat Release/Obj/bsp.o
 .text.leds_timer_handler
                0x0000000000029be0       0x1c Output/BLE_thermostat Release/Obj/bsp.o
 .text.bsp_button_is_pressed
                0x0000000000029bfc        0xc Output/BLE_thermostat Release/Obj/bsp.o
                0x0000000000029bfc                bsp_button_is_pressed
 .text.bsp_indication_set
                0x0000000000029c08       0x18 Output/BLE_thermostat Release/Obj/bsp.o
                0x0000000000029c08                bsp_indication_set
 .text.bsp_init
                0x0000000000029c20       0x9c Output/BLE_thermostat Release/Obj/bsp.o
                0x0000000000029c20                bsp_init
 .text.bsp_event_to_button_action_assign
                0x0000000000029cbc       0x4c Output/BLE_thermostat Release/Obj/bsp.o
                0x0000000000029cbc                bsp_event_to_button_action_assign
 .text.advertising_buttons_configure
                0x0000000000029d08       0x36 Output/BLE_thermostat Release/Obj/bsp_btn_ble.o
 *fill*         0x0000000000029d3e        0x2 
 .text.ble_evt_handler
                0x0000000000029d40       0x80 Output/BLE_thermostat Release/Obj/bsp_btn_ble.o
 .text.bsp_btn_ble_init
                0x0000000000029dc0       0x40 Output/BLE_thermostat Release/Obj/bsp_btn_ble.o
                0x0000000000029dc0                bsp_btn_ble_init
 .text.sd_ble_gap_conn_param_update
                0x0000000000029e00        0x8 Output/BLE_thermostat Release/Obj/main.o
 .text.sd_ble_gap_disconnect
                0x0000000000029e08        0x8 Output/BLE_thermostat Release/Obj/main.o
 .text.sd_ble_gap_sec_params_reply
                0x0000000000029e10        0x8 Output/BLE_thermostat Release/Obj/main.o
 .text.sd_ble_gap_phy_update
                0x0000000000029e18        0x8 Output/BLE_thermostat Release/Obj/main.o
 .text.nrfx_coredep_delay_us
                0x0000000000029e20       0x30 Output/BLE_thermostat Release/Obj/main.o
 .text.nrf_gpio_pin_port_decode
                0x0000000000029e50        0xe Output/BLE_thermostat Release/Obj/main.o
 .text.nrf_gpio_pin_set
                0x0000000000029e5e       0x28 Output/BLE_thermostat Release/Obj/main.o
 .text.nrf_gpio_pin_clear
                0x0000000000029e86       0x28 Output/BLE_thermostat Release/Obj/main.o
 .text.nrf_gpio_pin_toggle
                0x0000000000029eae       0x44 Output/BLE_thermostat Release/Obj/main.o
 .text.nrf_gpio_port_out_set
                0x0000000000029ef2       0x14 Output/BLE_thermostat Release/Obj/main.o
 .text.nrf_gpio_port_out_clear
                0x0000000000029f06       0x14 Output/BLE_thermostat Release/Obj/main.o
 .text.nrf_delay_ms
                0x0000000000029f1a       0x2a Output/BLE_thermostat Release/Obj/main.o
 .text.ves_error_handler
                0x0000000000029f44       0x14 Output/BLE_thermostat Release/Obj/main.o
 .text.scan_start
                0x0000000000029f58       0x64 Output/BLE_thermostat Release/Obj/main.o
 .text.scan_evt_handler
                0x0000000000029fbc       0xe0 Output/BLE_thermostat Release/Obj/main.o
 .text.scan_init
                0x000000000002a09c       0x88 Output/BLE_thermostat Release/Obj/main.o
 .text.db_disc_handler
                0x000000000002a124       0x1c Output/BLE_thermostat Release/Obj/main.o
 .text.uart_event_handle
                0x000000000002a140       0xf8 Output/BLE_thermostat Release/Obj/main.o
                0x000000000002a140                uart_event_handle
 .text.ble_ves_c_evt_handler
                0x000000000002a238      0x2a8 Output/BLE_thermostat Release/Obj/main.o
 .text.shutdown_handler
                0x000000000002a4e0       0x34 Output/BLE_thermostat Release/Obj/main.o
 .text.ble_evt_handler
                0x000000000002a514      0x28c Output/BLE_thermostat Release/Obj/main.o
 .text.ble_stack_init
                0x000000000002a7a0       0x5c Output/BLE_thermostat Release/Obj/main.o
 .text.gatt_evt_handler
                0x000000000002a7fc       0x40 Output/BLE_thermostat Release/Obj/main.o
                0x000000000002a7fc                gatt_evt_handler
 .text.gatt_init
                0x000000000002a83c       0x48 Output/BLE_thermostat Release/Obj/main.o
                0x000000000002a83c                gatt_init
 .text.bsp_event_handler
                0x000000000002a884       0x78 Output/BLE_thermostat Release/Obj/main.o
                0x000000000002a884                bsp_event_handler
 .text.ves_c_init
                0x000000000002a8fc       0x44 Output/BLE_thermostat Release/Obj/main.o
 .text.buttons_leds_init
                0x000000000002a940       0x48 Output/BLE_thermostat Release/Obj/main.o
 .text.toggle_timeout_handler
                0x000000000002a988       0x3c Output/BLE_thermostat Release/Obj/main.o
 .text.timer_init
                0x000000000002a9c4       0x48 Output/BLE_thermostat Release/Obj/main.o
 .text.log_init
                0x000000000002aa0c       0x2c Output/BLE_thermostat Release/Obj/main.o
 .text.power_management_init
                0x000000000002aa38       0x22 Output/BLE_thermostat Release/Obj/main.o
 *fill*         0x000000000002aa5a        0x2 
 .text.db_discovery_init
                0x000000000002aa5c       0x44 Output/BLE_thermostat Release/Obj/main.o
 .text.idle_state_handle
                0x000000000002aaa0       0x1a Output/BLE_thermostat Release/Obj/main.o
 *fill*         0x000000000002aaba        0x2 
 .text.main     0x000000000002aabc       0x68 Output/BLE_thermostat Release/Obj/main.o
                0x000000000002aabc                main
 .text.sd_ble_uuid_vs_add
                0x000000000002ab24        0x4 Output/BLE_thermostat Release/Obj/ble_ves_c.o
 .text.gatt_error_handler
                0x000000000002ab28        0x8 Output/BLE_thermostat Release/Obj/ble_ves_c.o
 .text.cccd_configure
                0x000000000002ab30       0x54 Output/BLE_thermostat Release/Obj/ble_ves_c.o
 .text.ble_ves_c_on_db_disc_evt
                0x000000000002ab84       0xce Output/BLE_thermostat Release/Obj/ble_ves_c.o
                0x000000000002ab84                ble_ves_c_on_db_disc_evt
 *fill*         0x000000000002ac52        0x2 
 .text.ble_ves_c_init
                0x000000000002ac54       0x6c Output/BLE_thermostat Release/Obj/ble_ves_c.o
                0x000000000002ac54                ble_ves_c_init
 .text.ble_ves_c_on_ble_evt
                0x000000000002acc0       0x7a Output/BLE_thermostat Release/Obj/ble_ves_c.o
                0x000000000002acc0                ble_ves_c_on_ble_evt
 .text.ble_ves_c_temp_notif_enable
                0x000000000002ad3a       0x28 Output/BLE_thermostat Release/Obj/ble_ves_c.o
                0x000000000002ad3a                ble_ves_c_temp_notif_enable
 .text.ble_ves_c_status_notif_enable
                0x000000000002ad62       0x28 Output/BLE_thermostat Release/Obj/ble_ves_c.o
                0x000000000002ad62                ble_ves_c_status_notif_enable
 *fill*         0x000000000002ad8a        0x2 
 .text.ble_ves_c_dc_motor_send
                0x000000000002ad8c       0x80 Output/BLE_thermostat Release/Obj/ble_ves_c.o
                0x000000000002ad8c                ble_ves_c_dc_motor_send
 .text.ble_ves_c_handles_assign
                0x000000000002ae0c       0x24 Output/BLE_thermostat Release/Obj/ble_ves_c.o
                0x000000000002ae0c                ble_ves_c_handles_assign
 .text.uart_init
                0x000000000002ae30       0x48 Output/BLE_thermostat Release/Obj/uart_ble.o
                0x000000000002ae30                uart_init
 .text.uart_send
                0x000000000002ae78        0x4 Output/BLE_thermostat Release/Obj/uart_ble.o
                0x000000000002ae78                uart_send
 .text.uart_get
                0x000000000002ae7c        0x4 Output/BLE_thermostat Release/Obj/uart_ble.o
                0x000000000002ae7c                uart_get
 .text.hash     0x000000000002ae80       0x58 Output/BLE_thermostat Release/Obj/cmd_queue.o
                0x000000000002ae80                hash
 .text.cmd_lookup
                0x000000000002aed8       0x48 Output/BLE_thermostat Release/Obj/cmd_queue.o
                0x000000000002aed8                cmd_lookup
 .text.addr_cmp
                0x000000000002af20       0x3c Output/BLE_thermostat Release/Obj/cmd_queue.o
                0x000000000002af20                addr_cmp
 .text.cmd_add  0x000000000002af5c       0x9c Output/BLE_thermostat Release/Obj/cmd_queue.o
                0x000000000002af5c                cmd_add
 .text.free_cmd
                0x000000000002aff8       0x42 Output/BLE_thermostat Release/Obj/cmd_queue.o
                0x000000000002aff8                free_cmd
 *fill*         0x000000000002b03a        0x2 
 .text.delete_cmd
                0x000000000002b03c       0x60 Output/BLE_thermostat Release/Obj/cmd_queue.o
                0x000000000002b03c                delete_cmd
 .text._GetAvailWriteSpace
                0x000000000002b09c       0x1c Output/BLE_thermostat Release/Obj/SEGGER_RTT.o
 .text._WriteNoCheck
                0x000000000002b0b8       0x38 Output/BLE_thermostat Release/Obj/SEGGER_RTT.o
 .text._WriteBlocking
                0x000000000002b0f0       0x52 Output/BLE_thermostat Release/Obj/SEGGER_RTT.o
 *fill*         0x000000000002b142        0x2 
 .text._DoInit  0x000000000002b144       0x60 Output/BLE_thermostat Release/Obj/SEGGER_RTT.o
 .text.SEGGER_RTT_WriteNoLock
                0x000000000002b1a4       0x68 Output/BLE_thermostat Release/Obj/SEGGER_RTT.o
                0x000000000002b1a4                SEGGER_RTT_WriteNoLock
 .text.SEGGER_RTT_Init
                0x000000000002b20c        0x4 Output/BLE_thermostat Release/Obj/SEGGER_RTT.o
                0x000000000002b20c                SEGGER_RTT_Init
 .text.sd_ble_uuid_encode
                0x000000000002b210        0x4 Output/BLE_thermostat Release/Obj/ble_advdata.o
 .text.ble_advdata_search
                0x000000000002b214       0x42 Output/BLE_thermostat Release/Obj/ble_advdata.o
                0x000000000002b214                ble_advdata_search
 .text.ble_advdata_uuid_find
                0x000000000002b256       0x9a Output/BLE_thermostat Release/Obj/ble_advdata.o
                0x000000000002b256                ble_advdata_uuid_find
 .text.registered_handler_get
                0x000000000002b2f0       0x3c Output/BLE_thermostat Release/Obj/ble_db_discovery.o
 .text.discovery_complete_evt_trigger
                0x000000000002b32c       0x84 Output/BLE_thermostat Release/Obj/ble_db_discovery.o
 .text.discovery_available_evt_trigger
                0x000000000002b3b0       0x30 Output/BLE_thermostat Release/Obj/ble_db_discovery.o
 .text.discovery_error_handler
                0x000000000002b3e0       0x4e Output/BLE_thermostat Release/Obj/ble_db_discovery.o
 *fill*         0x000000000002b42e        0x2 
 .text.characteristics_discover
                0x000000000002b430       0x80 Output/BLE_thermostat Release/Obj/ble_db_discovery.o
 .text.on_srv_disc_completion
                0x000000000002b4b0       0xa0 Output/BLE_thermostat Release/Obj/ble_db_discovery.o
 .text.descriptors_discover
                0x000000000002b550       0xd0 Output/BLE_thermostat Release/Obj/ble_db_discovery.o
 .text.ble_db_discovery_init
                0x000000000002b620       0x38 Output/BLE_thermostat Release/Obj/ble_db_discovery.o
                0x000000000002b620                ble_db_discovery_init
 .text.ble_db_discovery_evt_register
                0x000000000002b658       0x44 Output/BLE_thermostat Release/Obj/ble_db_discovery.o
                0x000000000002b658                ble_db_discovery_evt_register
 .text.ble_db_discovery_start
                0x000000000002b69c       0xa4 Output/BLE_thermostat Release/Obj/ble_db_discovery.o
                0x000000000002b69c                ble_db_discovery_start
 .text.ble_db_discovery_on_ble_evt
                0x000000000002b740      0x26c Output/BLE_thermostat Release/Obj/ble_db_discovery.o
                0x000000000002b740                ble_db_discovery_on_ble_evt
 .text.sd_ble_gap_data_length_update
                0x000000000002b9ac        0x4 Output/BLE_thermostat Release/Obj/nrf_ble_gatt.o
 .text.sd_ble_gattc_exchange_mtu_request
                0x000000000002b9b0        0x4 Output/BLE_thermostat Release/Obj/nrf_ble_gatt.o
 .text.sd_ble_gatts_exchange_mtu_reply
                0x000000000002b9b4        0x4 Output/BLE_thermostat Release/Obj/nrf_ble_gatt.o
 .text.data_length_update
                0x000000000002b9b8       0x80 Output/BLE_thermostat Release/Obj/nrf_ble_gatt.o
 .text.nrf_ble_gatt_init
                0x000000000002ba38       0x28 Output/BLE_thermostat Release/Obj/nrf_ble_gatt.o
                0x000000000002ba38                nrf_ble_gatt_init
 .text.nrf_ble_gatt_att_mtu_central_set
                0x000000000002ba60       0x18 Output/BLE_thermostat Release/Obj/nrf_ble_gatt.o
                0x000000000002ba60                nrf_ble_gatt_att_mtu_central_set
 .text.nrf_ble_gatt_on_ble_evt
                0x000000000002ba78      0x198 Output/BLE_thermostat Release/Obj/nrf_ble_gatt.o
                0x000000000002ba78                nrf_ble_gatt_on_ble_evt
 .text.sd_ble_gattc_primary_services_discover
                0x000000000002bc10        0x4 Output/BLE_thermostat Release/Obj/nrf_ble_gq.o
 .text.sd_ble_gattc_characteristics_discover
                0x000000000002bc14        0x4 Output/BLE_thermostat Release/Obj/nrf_ble_gq.o
 .text.sd_ble_gattc_descriptors_discover
                0x000000000002bc18        0x4 Output/BLE_thermostat Release/Obj/nrf_ble_gq.o
 .text.sd_ble_gattc_read
                0x000000000002bc1c        0x4 Output/BLE_thermostat Release/Obj/nrf_ble_gq.o
 .text.sd_ble_gattc_write
                0x000000000002bc20        0x4 Output/BLE_thermostat Release/Obj/nrf_ble_gq.o
 .text.sd_ble_gatts_hvx
                0x000000000002bc24        0x4 Output/BLE_thermostat Release/Obj/nrf_ble_gq.o
 .text.conn_handle_id_find
                0x000000000002bc28       0x1e Output/BLE_thermostat Release/Obj/nrf_ble_gq.o
 .text.gatts_hvx_alloc
                0x000000000002bc46       0x3a Output/BLE_thermostat Release/Obj/nrf_ble_gq.o
 .text.gattc_write_alloc
                0x000000000002bc80       0x28 Output/BLE_thermostat Release/Obj/nrf_ble_gq.o
 .text.queues_purge
                0x000000000002bca8       0x5c Output/BLE_thermostat Release/Obj/nrf_ble_gq.o
 .text.request_err_code_handle.part.0
                0x000000000002bd04       0x44 Output/BLE_thermostat Release/Obj/nrf_ble_gq.o
 .text.queue_process
                0x000000000002bd48      0x110 Output/BLE_thermostat Release/Obj/nrf_ble_gq.o
 .text.nrf_ble_gq_item_add
                0x000000000002be58      0x140 Output/BLE_thermostat Release/Obj/nrf_ble_gq.o
                0x000000000002be58                nrf_ble_gq_item_add
 .text.nrf_ble_gq_conn_handle_register
                0x000000000002bf98       0x6c Output/BLE_thermostat Release/Obj/nrf_ble_gq.o
                0x000000000002bf98                nrf_ble_gq_conn_handle_register
 .text.nrf_ble_gq_on_ble_evt
                0x000000000002c004       0x5c Output/BLE_thermostat Release/Obj/nrf_ble_gq.o
                0x000000000002c004                nrf_ble_gq_on_ble_evt
 .text.sd_ble_gap_scan_start
                0x000000000002c060        0x4 Output/BLE_thermostat Release/Obj/nrf_ble_scan.o
 .text.sd_ble_gap_scan_stop
                0x000000000002c064        0x4 Output/BLE_thermostat Release/Obj/nrf_ble_scan.o
 .text.sd_ble_gap_connect
                0x000000000002c068        0x4 Output/BLE_thermostat Release/Obj/nrf_ble_scan.o
 .text.nrf_ble_scan_connect_with_target
                0x000000000002c06c       0x44 Output/BLE_thermostat Release/Obj/nrf_ble_scan.o
 .text.nrf_ble_scan_filter_set
                0x000000000002c0b0       0x2e Output/BLE_thermostat Release/Obj/nrf_ble_scan.o
                0x000000000002c0b0                nrf_ble_scan_filter_set
 .text.nrf_ble_scan_filters_enable
                0x000000000002c0de       0x20 Output/BLE_thermostat Release/Obj/nrf_ble_scan.o
                0x000000000002c0de                nrf_ble_scan_filters_enable
 .text.is_whitelist_used
                0x000000000002c0fe        0x8 Output/BLE_thermostat Release/Obj/nrf_ble_scan.o
                0x000000000002c0fe                is_whitelist_used
 .text.nrf_ble_scan_init
                0x000000000002c106       0xb4 Output/BLE_thermostat Release/Obj/nrf_ble_scan.o
                0x000000000002c106                nrf_ble_scan_init
 *fill*         0x000000000002c1ba        0x2 
 .text.nrf_ble_scan_start
                0x000000000002c1bc       0x6c Output/BLE_thermostat Release/Obj/nrf_ble_scan.o
                0x000000000002c1bc                nrf_ble_scan_start
 .text.nrf_ble_scan_on_ble_evt
                0x000000000002c228      0x1a4 Output/BLE_thermostat Release/Obj/nrf_ble_scan.o
                0x000000000002c228                nrf_ble_scan_on_ble_evt
 .text.sd_softdevice_enable
                0x000000000002c3cc        0x4 Output/BLE_thermostat Release/Obj/nrf_sdh.o
 .text.sdh_request_observer_notify
                0x000000000002c3d0       0x30 Output/BLE_thermostat Release/Obj/nrf_sdh.o
 .text.sdh_state_observer_notify
                0x000000000002c400       0x28 Output/BLE_thermostat Release/Obj/nrf_sdh.o
 .text.softdevices_evt_irq_enable
                0x000000000002c428       0x38 Output/BLE_thermostat Release/Obj/nrf_sdh.o
 .text.nrf_sdh_enable_request
                0x000000000002c460       0x7c Output/BLE_thermostat Release/Obj/nrf_sdh.o
                0x000000000002c460                nrf_sdh_enable_request
 .text.nrf_sdh_is_enabled
                0x000000000002c4dc        0xc Output/BLE_thermostat Release/Obj/nrf_sdh.o
                0x000000000002c4dc                nrf_sdh_is_enabled
 .text.nrf_sdh_evts_poll
                0x000000000002c4e8       0x28 Output/BLE_thermostat Release/Obj/nrf_sdh.o
                0x000000000002c4e8                nrf_sdh_evts_poll
 .text.SWI2_EGU2_IRQHandler
                0x000000000002c510        0x4 Output/BLE_thermostat Release/Obj/nrf_sdh.o
                0x000000000002c510                SWI2_EGU2_IRQHandler
 .text.sd_ble_enable
                0x000000000002c514        0x4 Output/BLE_thermostat Release/Obj/nrf_sdh_ble.o
 .text.sd_ble_cfg_set
                0x000000000002c518        0x4 Output/BLE_thermostat Release/Obj/nrf_sdh_ble.o
 .text.sd_ble_evt_get
                0x000000000002c51c        0x4 Output/BLE_thermostat Release/Obj/nrf_sdh_ble.o
 .text.nrf_sdh_ble_evts_poll.part.0
                0x000000000002c520       0x4c Output/BLE_thermostat Release/Obj/nrf_sdh_ble.o
 .text.nrf_sdh_ble_evts_poll
                0x000000000002c56c       0x10 Output/BLE_thermostat Release/Obj/nrf_sdh_ble.o
 .text.nrf_sdh_ble_default_cfg_set
                0x000000000002c57c      0x1a4 Output/BLE_thermostat Release/Obj/nrf_sdh_ble.o
                0x000000000002c57c                nrf_sdh_ble_default_cfg_set
 .text.nrf_sdh_ble_enable
                0x000000000002c720       0x98 Output/BLE_thermostat Release/Obj/nrf_sdh_ble.o
                0x000000000002c720                nrf_sdh_ble_enable
 .text.sd_evt_get
                0x000000000002c7b8        0x4 Output/BLE_thermostat Release/Obj/nrf_sdh_soc.o
 .text.nrf_sdh_soc_evts_poll
                0x000000000002c7bc       0x3c Output/BLE_thermostat Release/Obj/nrf_sdh_soc.o
 .text.libc.__int64_udivmod
                0x000000000002c7f8       0xce C:/Program Files/SEGGER/SEGGER Embedded Studio for ARM 4.42a/lib/libc_v7em_fpv4_sp_d16_hard_t_le_eabi.a(libc_asm.o)
                0x000000000002c7f8                __aeabi_uldivmod
                0x000000000002c7f8                __int64_udiv
                0x000000000002c7f8                __udivdi3
                0x000000000002c7f8                __int64_udivmod
 *fill*         0x000000000002c8c6        0x2 
 .text.libc.__RAL_ascii_isctype
                0x000000000002c8c8       0x1c C:/Program Files/SEGGER/SEGGER Embedded Studio for ARM 4.42a/lib/libc_v7em_fpv4_sp_d16_hard_t_le_eabi.a(libc2.o)
 .text.libc.__RAL_ascii_toupper
                0x000000000002c8e4        0xc C:/Program Files/SEGGER/SEGGER Embedded Studio for ARM 4.42a/lib/libc_v7em_fpv4_sp_d16_hard_t_le_eabi.a(libc2.o)
 .text.libc.__RAL_ascii_tolower
                0x000000000002c8f0        0xc C:/Program Files/SEGGER/SEGGER Embedded Studio for ARM 4.42a/lib/libc_v7em_fpv4_sp_d16_hard_t_le_eabi.a(libc2.o)
 .text.libc.__RAL_ascii_iswctype
                0x000000000002c8fc       0x1c C:/Program Files/SEGGER/SEGGER Embedded Studio for ARM 4.42a/lib/libc_v7em_fpv4_sp_d16_hard_t_le_eabi.a(libc2.o)
 .text.libc.__RAL_ascii_towupper
                0x000000000002c918        0xc C:/Program Files/SEGGER/SEGGER Embedded Studio for ARM 4.42a/lib/libc_v7em_fpv4_sp_d16_hard_t_le_eabi.a(libc2.o)
 .text.libc.__RAL_ascii_towlower
                0x000000000002c924        0xc C:/Program Files/SEGGER/SEGGER Embedded Studio for ARM 4.42a/lib/libc_v7em_fpv4_sp_d16_hard_t_le_eabi.a(libc2.o)
 .text.libc.__RAL_ascii_wctomb
                0x000000000002c930        0xe C:/Program Files/SEGGER/SEGGER Embedded Studio for ARM 4.42a/lib/libc_v7em_fpv4_sp_d16_hard_t_le_eabi.a(libc2.o)
                0x000000000002c930                __RAL_ascii_wctomb
 .text.libc.__RAL_ascii_mbtowc
                0x000000000002c93e       0x24 C:/Program Files/SEGGER/SEGGER Embedded Studio for ARM 4.42a/lib/libc_v7em_fpv4_sp_d16_hard_t_le_eabi.a(libc2.o)
                0x000000000002c93e                __RAL_ascii_mbtowc
 .text.libc.__putc
                0x000000000002c962       0x34 C:/Program Files/SEGGER/SEGGER Embedded Studio for ARM 4.42a/lib/libc_v7em_fpv4_sp_d16_hard_t_le_eabi.a(libc2.o)
                0x000000000002c962                __putc
 .text.libc.__RAL_print_padding
                0x000000000002c996       0x1c C:/Program Files/SEGGER/SEGGER Embedded Studio for ARM 4.42a/lib/libc_v7em_fpv4_sp_d16_hard_t_le_eabi.a(libc2.o)
                0x000000000002c996                __RAL_print_padding
 .text.libc.__RAL_pre_padding
                0x000000000002c9b2       0x1a C:/Program Files/SEGGER/SEGGER Embedded Studio for ARM 4.42a/lib/libc_v7em_fpv4_sp_d16_hard_t_le_eabi.a(libc2.o)
                0x000000000002c9b2                __RAL_pre_padding
 .text.libc.__RAL_isctype
                0x000000000002c9cc       0x14 C:/Program Files/SEGGER/SEGGER Embedded Studio for ARM 4.42a/lib/libc_v7em_fpv4_sp_d16_hard_t_le_eabi.a(libc2.o)
                0x000000000002c9cc                __RAL_isctype
 .text.libc.isprint
                0x000000000002c9e0        0xa C:/Program Files/SEGGER/SEGGER Embedded Studio for ARM 4.42a/lib/libc_v7em_fpv4_sp_d16_hard_t_le_eabi.a(libc2.o)
                0x000000000002c9e0                isprint
 *fill*         0x000000000002c9ea        0x2 
 .text.libc.malloc
                0x000000000002c9ec       0x90 C:/Program Files/SEGGER/SEGGER Embedded Studio for ARM 4.42a/lib/libc_v7em_fpv4_sp_d16_hard_t_le_eabi.a(libc2.o)
                0x000000000002c9ec                malloc
 .text.libc.free
                0x000000000002ca7c       0xac C:/Program Files/SEGGER/SEGGER Embedded Studio for ARM 4.42a/lib/libc_v7em_fpv4_sp_d16_hard_t_le_eabi.a(libc2.o)
                0x000000000002ca7c                free
 .text.libc.memcmp
                0x000000000002cb28       0x66 C:/Program Files/SEGGER/SEGGER Embedded Studio for ARM 4.42a/lib/libc_v7em_fpv4_sp_d16_hard_t_le_eabi.a(libc2.o)
                0x000000000002cb28                memcmp
 *fill*         0x000000000002cb8e        0x2 
 .text.libc.printf
                0x000000000002cb90       0x40 C:/Program Files/SEGGER/SEGGER Embedded Studio for ARM 4.42a/lib/libc_v7em_fpv4_sp_d16_hard_t_le_eabi.a(libc2.o)
                0x000000000002cb90                printf
 .text.libc.strnlen
                0x000000000002cbd0       0x22 C:/Program Files/SEGGER/SEGGER Embedded Studio for ARM 4.42a/lib/libc_v7em_fpv4_sp_d16_hard_t_le_eabi.a(libc2.o)
                0x000000000002cbd0                strnlen
 .text.libc.memcpy
                0x000000000002cbf2       0x52 C:/Program Files/SEGGER/SEGGER Embedded Studio for ARM 4.42a/lib/libc_v7em_fpv4_sp_d16_hard_t_le_eabi.a(libc2_asm.o)
                0x000000000002cbf2                __aeabi_memcpy
                0x000000000002cbf2                memcpy
                0x000000000002cbfe                __aeabi_memcpy8
                0x000000000002cbfe                __aeabi_memcpy4
 .text.libc.memset
                0x000000000002cc44       0x66 C:/Program Files/SEGGER/SEGGER Embedded Studio for ARM 4.42a/lib/libc_v7em_fpv4_sp_d16_hard_t_le_eabi.a(libc2_asm.o)
                0x000000000002cc44                memset
 .text.libc.strcpy
                0x000000000002ccaa       0x44 C:/Program Files/SEGGER/SEGGER Embedded Studio for ARM 4.42a/lib/libc_v7em_fpv4_sp_d16_hard_t_le_eabi.a(libc2_asm.o)
                0x000000000002ccaa                strcpy
 .text.libc.strlen
                0x000000000002ccee       0x60 C:/Program Files/SEGGER/SEGGER Embedded Studio for ARM 4.42a/lib/libc_v7em_fpv4_sp_d16_hard_t_le_eabi.a(libc2_asm.o)
                0x000000000002ccee                strlen
 .text.libc.__heap_lock
                0x000000000002cd4e        0x2 C:/Program Files/SEGGER/SEGGER Embedded Studio for ARM 4.42a/lib/libc_v7em_fpv4_sp_d16_hard_t_le_eabi.a(libc.o)
                0x000000000002cd4e                __heap_lock
 .text.libc.__heap_unlock
                0x000000000002cd50        0x2 C:/Program Files/SEGGER/SEGGER Embedded Studio for ARM 4.42a/lib/libc_v7em_fpv4_sp_d16_hard_t_le_eabi.a(libc.o)
                0x000000000002cd50                __heap_unlock
 .text.libc.__printf_lock
                0x000000000002cd52        0x2 C:/Program Files/SEGGER/SEGGER Embedded Studio for ARM 4.42a/lib/libc_v7em_fpv4_sp_d16_hard_t_le_eabi.a(libc.o)
                0x000000000002cd52                __printf_lock
 .text.libc.__printf_unlock
                0x000000000002cd54        0x2 C:/Program Files/SEGGER/SEGGER Embedded Studio for ARM 4.42a/lib/libc_v7em_fpv4_sp_d16_hard_t_le_eabi.a(libc.o)
                0x000000000002cd54                __printf_unlock
 *fill*         0x000000000002cd56        0x2 
 .text.libc.__vfprintf_long
                0x000000000002cd58      0x664 C:/Program Files/SEGGER/SEGGER Embedded Studio for ARM 4.42a/lib/libvfprintf_v7em_fpv4_sp_d16_hard_t_le_eabi.o
                0x000000000002cd58                __vfprintf_long
                0x000000000002d3bc                __text_end__ = (__text_start__ + SIZEOF (.text))
                0x0000000000006fec                __text_size__ = SIZEOF (.text)
                0x000000000002d3bc                __text_load_end__ = __text_end__

.vfp11_veneer   0x0000000100000000        0x0
 .vfp11_veneer  0x0000000100000000        0x0 linker stubs

.v4_bx          0x0000000100000000        0x0
 .v4_bx         0x0000000100000000        0x0 linker stubs

.iplt           0x0000000100000000        0x0
 .iplt          0x0000000100000000        0x0 Output/BLE_thermostat Release/Obj/thumb_crt0.o
                0x0000000000000001                . = ASSERT (((__text_start__ == __text_end__) || ((__text_end__ - __FLASH_segment_start__) <= __FLASH_segment_size__)), error: .text is too large to fit in FLASH memory segment)
                0x000000000002d3bc                __sdh_soc_observers_load_start__ = ALIGN (__text_end__, 0x4)

.sdh_soc_observers
                0x000000000002d3bc        0x8
                0x000000000002d3bc                __sdh_soc_observers_start__ = .
                0x000000000002d3bc                __start_sdh_soc_observers = __sdh_soc_observers_start__
 *(SORT_BY_NAME(.sdh_soc_observers*))
 .sdh_soc_observers0
                0x000000000002d3bc        0x8 Output/BLE_thermostat Release/Obj/nrf_drv_clock.o
                0x000000000002d3c4                __sdh_soc_observers_end__ = (__sdh_soc_observers_start__ + SIZEOF (.sdh_soc_observers))
                0x0000000000000008                __sdh_soc_observers_size__ = SIZEOF (.sdh_soc_observers)
                0x000000000002d3c4                __stop_sdh_soc_observers = __sdh_soc_observers_end__
                0x000000000002d3c4                __sdh_soc_observers_load_end__ = __sdh_soc_observers_end__
                0x0000000000000001                . = ASSERT (((__sdh_soc_observers_start__ == __sdh_soc_observers_end__) || ((__sdh_soc_observers_end__ - __FLASH_segment_start__) <= __FLASH_segment_size__)), error: .sdh_soc_observers is too large to fit in FLASH memory segment)
                0x000000000002d3c4                __pwr_mgmt_data_load_start__ = ALIGN (__sdh_soc_observers_end__, 0x4)

.pwr_mgmt_data  0x000000000002d3c4        0x4
                0x000000000002d3c4                __pwr_mgmt_data_start__ = .
                0x000000000002d3c4                __start_pwr_mgmt_data = __pwr_mgmt_data_start__
 *(SORT_BY_NAME(.pwr_mgmt_data*))
 .pwr_mgmt_data1
                0x000000000002d3c4        0x4 Output/BLE_thermostat Release/Obj/main.o
                0x000000000002d3c8                __pwr_mgmt_data_end__ = (__pwr_mgmt_data_start__ + SIZEOF (.pwr_mgmt_data))
                0x0000000000000004                __pwr_mgmt_data_size__ = SIZEOF (.pwr_mgmt_data)
                0x000000000002d3c8                __stop_pwr_mgmt_data = __pwr_mgmt_data_end__
                0x000000000002d3c8                __pwr_mgmt_data_load_end__ = __pwr_mgmt_data_end__
                0x0000000000000001                . = ASSERT (((__pwr_mgmt_data_start__ == __pwr_mgmt_data_end__) || ((__pwr_mgmt_data_end__ - __FLASH_segment_start__) <= __FLASH_segment_size__)), error: .pwr_mgmt_data is too large to fit in FLASH memory segment)
                0x000000000002d3c8                __log_const_data_load_start__ = ALIGN (__pwr_mgmt_data_end__, 0x4)

.log_const_data
                0x000000000002d3c8       0x98
                0x000000000002d3c8                __log_const_data_start__ = .
                0x000000000002d3c8                __start_log_const_data = __log_const_data_start__
 *(SORT_BY_NAME(.log_const_data*))
 .log_const_data_CLOCK
                0x000000000002d3c8        0x8 Output/BLE_thermostat Release/Obj/nrfx_clock.o
                0x000000000002d3c8                m_nrf_log_CLOCK_logs_data_const
 .log_const_data_GPIOTE
                0x000000000002d3d0        0x8 Output/BLE_thermostat Release/Obj/nrfx_gpiote.o
                0x000000000002d3d0                m_nrf_log_GPIOTE_logs_data_const
 .log_const_data_PRS
                0x000000000002d3d8        0x8 Output/BLE_thermostat Release/Obj/nrfx_prs.o
                0x000000000002d3d8                m_nrf_log_PRS_logs_data_const
 .log_const_data_UART
                0x000000000002d3e0        0x8 Output/BLE_thermostat Release/Obj/nrfx_uart.o
                0x000000000002d3e0                m_nrf_log_UART_logs_data_const
 .log_const_data_UARTE
                0x000000000002d3e8        0x8 Output/BLE_thermostat Release/Obj/nrfx_uarte.o
                0x000000000002d3e8                m_nrf_log_UARTE_logs_data_const
 .log_const_data_app
                0x000000000002d3f0        0x8 Output/BLE_thermostat Release/Obj/nrf_log_frontend.o
                0x000000000002d3f0                m_nrf_log_app_logs_data_const
 .log_const_data_app_button
                0x000000000002d3f8        0x8 Output/BLE_thermostat Release/Obj/app_button.o
                0x000000000002d3f8                m_nrf_log_app_button_logs_data_const
 .log_const_data_app_timer
                0x000000000002d400        0x8 Output/BLE_thermostat Release/Obj/app_timer2.o
                0x000000000002d400                m_nrf_log_app_timer_logs_data_const
 .log_const_data_ble_db_disc
                0x000000000002d408        0x8 Output/BLE_thermostat Release/Obj/ble_db_discovery.o
                0x000000000002d408                m_nrf_log_ble_db_disc_logs_data_const
 .log_const_data_ble_nus_c
                0x000000000002d410        0x8 Output/BLE_thermostat Release/Obj/ble_nus_c.o
                0x000000000002d410                m_nrf_log_ble_nus_c_logs_data_const
 .log_const_data_ble_scan
                0x000000000002d418        0x8 Output/BLE_thermostat Release/Obj/nrf_ble_scan.o
                0x000000000002d418                m_nrf_log_ble_scan_logs_data_const
 .log_const_data_clock
                0x000000000002d420        0x8 Output/BLE_thermostat Release/Obj/nrf_drv_clock.o
                0x000000000002d420                m_nrf_log_clock_logs_data_const
 .log_const_data_nrf_ble_gatt
                0x000000000002d428        0x8 Output/BLE_thermostat Release/Obj/nrf_ble_gatt.o
                0x000000000002d428                m_nrf_log_nrf_ble_gatt_logs_data_const
 .log_const_data_nrf_ble_gq
                0x000000000002d430        0x8 Output/BLE_thermostat Release/Obj/nrf_ble_gq.o
                0x000000000002d430                m_nrf_log_nrf_ble_gq_logs_data_const
 .log_const_data_nrf_sdh
                0x000000000002d438        0x8 Output/BLE_thermostat Release/Obj/nrf_sdh.o
                0x000000000002d438                m_nrf_log_nrf_sdh_logs_data_const
 .log_const_data_nrf_sdh_ble
                0x000000000002d440        0x8 Output/BLE_thermostat Release/Obj/nrf_sdh_ble.o
                0x000000000002d440                m_nrf_log_nrf_sdh_ble_logs_data_const
 .log_const_data_nrf_sdh_soc
                0x000000000002d448        0x8 Output/BLE_thermostat Release/Obj/nrf_sdh_soc.o
                0x000000000002d448                m_nrf_log_nrf_sdh_soc_logs_data_const
 .log_const_data_pwr_mgmt
                0x000000000002d450        0x8 Output/BLE_thermostat Release/Obj/nrf_pwr_mgmt.o
                0x000000000002d450                m_nrf_log_pwr_mgmt_logs_data_const
 .log_const_data_sortlist
                0x000000000002d458        0x8 Output/BLE_thermostat Release/Obj/nrf_sortlist.o
                0x000000000002d458                m_nrf_log_sortlist_logs_data_const
                0x000000000002d460                __log_const_data_end__ = (__log_const_data_start__ + SIZEOF (.log_const_data))
                0x0000000000000098                __log_const_data_size__ = SIZEOF (.log_const_data)
                0x000000000002d460                __stop_log_const_data = __log_const_data_end__
                0x000000000002d460                __log_const_data_load_end__ = __log_const_data_end__
                0x0000000000000001                . = ASSERT (((__log_const_data_start__ == __log_const_data_end__) || ((__log_const_data_end__ - __FLASH_segment_start__) <= __FLASH_segment_size__)), error: .log_const_data is too large to fit in FLASH memory segment)
                0x000000000002d460                __nrf_balloc_load_start__ = ALIGN (__log_const_data_end__, 0x4)

.nrf_balloc     0x000000000002d460       0x28
                0x000000000002d460                __nrf_balloc_start__ = .
                0x000000000002d460                __start_nrf_balloc = __nrf_balloc_start__
 *(.nrf_balloc*)
 .nrf_balloc    0x000000000002d460       0x14 Output/BLE_thermostat Release/Obj/nrf_log_frontend.o
                0x000000000002d460                log_mempool
 .nrf_balloc    0x000000000002d474       0x14 Output/BLE_thermostat Release/Obj/main.o
                0x000000000002d474                m_ble_gatt_queuepool
                0x000000000002d488                __nrf_balloc_end__ = (__nrf_balloc_start__ + SIZEOF (.nrf_balloc))
                0x0000000000000028                __nrf_balloc_size__ = SIZEOF (.nrf_balloc)
                0x000000000002d488                __stop_nrf_balloc = __nrf_balloc_end__
                0x000000000002d488                __nrf_balloc_load_end__ = __nrf_balloc_end__
                0x0000000000000001                . = ASSERT (((__nrf_balloc_start__ == __nrf_balloc_end__) || ((__nrf_balloc_end__ - __FLASH_segment_start__) <= __FLASH_segment_size__)), error: .nrf_balloc is too large to fit in FLASH memory segment)
                0x000000000002d488                __nrf_queue_load_start__ = ALIGN (__nrf_balloc_end__, 0x4)

.nrf_queue      0x000000000002d488       0x14
                0x000000000002d488                __nrf_queue_start__ = .
                0x000000000002d488                __start_nrf_queue = __nrf_queue_start__
 *(.nrf_queue*)
 .nrf_queue     0x000000000002d488       0x14 Output/BLE_thermostat Release/Obj/main.o
                0x000000000002d488                m_ble_gatt_queuepurge_queue
                0x000000000002d49c                __nrf_queue_end__ = (__nrf_queue_start__ + SIZEOF (.nrf_queue))
                0x0000000000000014                __nrf_queue_size__ = SIZEOF (.nrf_queue)
                0x000000000002d49c                __stop_nrf_queue = __nrf_queue_end__
                0x000000000002d49c                __nrf_queue_load_end__ = __nrf_queue_end__
                0x0000000000000001                . = ASSERT (((__nrf_queue_start__ == __nrf_queue_end__) || ((__nrf_queue_end__ - __FLASH_segment_start__) <= __FLASH_segment_size__)), error: .nrf_queue is too large to fit in FLASH memory segment)
                0x000000000002d49c                __sdh_state_observers_load_start__ = ALIGN (__nrf_queue_end__, 0x4)

.sdh_state_observers
                0x000000000002d49c        0x8
                0x000000000002d49c                __sdh_state_observers_start__ = .
                0x000000000002d49c                __start_sdh_state_observers = __sdh_state_observers_start__
 *(SORT_BY_NAME(.sdh_state_observers*))
 .sdh_state_observers0
                0x000000000002d49c        0x8 Output/BLE_thermostat Release/Obj/nrf_drv_clock.o
                0x000000000002d4a4                __sdh_state_observers_end__ = (__sdh_state_observers_start__ + SIZEOF (.sdh_state_observers))
                0x0000000000000008                __sdh_state_observers_size__ = SIZEOF (.sdh_state_observers)
                0x000000000002d4a4                __stop_sdh_state_observers = __sdh_state_observers_end__
                0x000000000002d4a4                __sdh_state_observers_load_end__ = __sdh_state_observers_end__
                0x0000000000000001                . = ASSERT (((__sdh_state_observers_start__ == __sdh_state_observers_end__) || ((__sdh_state_observers_end__ - __FLASH_segment_start__) <= __FLASH_segment_size__)), error: .sdh_state_observers is too large to fit in FLASH memory segment)
                0x000000000002d4a4                __sdh_stack_observers_load_start__ = ALIGN (__sdh_state_observers_end__, 0x4)

.sdh_stack_observers
                0x000000000002d4a4       0x10
                0x000000000002d4a4                __sdh_stack_observers_start__ = .
                0x000000000002d4a4                __start_sdh_stack_observers = __sdh_stack_observers_start__
 *(SORT_BY_NAME(.sdh_stack_observers*))
 .sdh_stack_observers0
                0x000000000002d4a4        0x8 Output/BLE_thermostat Release/Obj/nrf_sdh_ble.o
 .sdh_stack_observers0
                0x000000000002d4ac        0x8 Output/BLE_thermostat Release/Obj/nrf_sdh_soc.o
                0x000000000002d4b4                __sdh_stack_observers_end__ = (__sdh_stack_observers_start__ + SIZEOF (.sdh_stack_observers))
                0x0000000000000010                __sdh_stack_observers_size__ = SIZEOF (.sdh_stack_observers)
                0x000000000002d4b4                __stop_sdh_stack_observers = __sdh_stack_observers_end__
                0x000000000002d4b4                __sdh_stack_observers_load_end__ = __sdh_stack_observers_end__
                0x0000000000000001                . = ASSERT (((__sdh_stack_observers_start__ == __sdh_stack_observers_end__) || ((__sdh_stack_observers_end__ - __FLASH_segment_start__) <= __FLASH_segment_size__)), error: .sdh_stack_observers is too large to fit in FLASH memory segment)
                0x000000000002d4b4                __sdh_req_observers_load_start__ = ALIGN (__sdh_stack_observers_end__, 0x4)

.sdh_req_observers
                0x000000000002d4b4        0x0
                0x000000000002d4b4                __sdh_req_observers_start__ = .
                0x000000000002d4b4                __start_sdh_req_observers = __sdh_req_observers_start__
 *(SORT_BY_NAME(.sdh_req_observers*))
                0x000000000002d4b4                __sdh_req_observers_end__ = (__sdh_req_observers_start__ + SIZEOF (.sdh_req_observers))
                0x0000000000000000                __sdh_req_observers_size__ = SIZEOF (.sdh_req_observers)
                0x000000000002d4b4                __stop_sdh_req_observers = __sdh_req_observers_end__
                0x000000000002d4b4                __sdh_req_observers_load_end__ = __sdh_req_observers_end__
                0x0000000000000001                . = ASSERT (((__sdh_req_observers_start__ == __sdh_req_observers_end__) || ((__sdh_req_observers_end__ - __FLASH_segment_start__) <= __FLASH_segment_size__)), error: .sdh_req_observers is too large to fit in FLASH memory segment)
                0x000000000002d4b4                __cli_command_load_start__ = ALIGN (__sdh_req_observers_end__, 0x4)

.cli_command    0x000000000002d4b4        0x0
                0x000000000002d4b4                __cli_command_start__ = .
                0x000000000002d4b4                __start_cli_command = __cli_command_start__
 *(.cli_command*)
                0x000000000002d4b4                __cli_command_end__ = (__cli_command_start__ + SIZEOF (.cli_command))
                0x0000000000000000                __cli_command_size__ = SIZEOF (.cli_command)
                0x000000000002d4b4                __stop_cli_command = __cli_command_end__
                0x000000000002d4b4                __cli_command_load_end__ = __cli_command_end__
                0x0000000000000001                . = ASSERT (((__cli_command_start__ == __cli_command_end__) || ((__cli_command_end__ - __FLASH_segment_start__) <= __FLASH_segment_size__)), error: .cli_command is too large to fit in FLASH memory segment)
                0x000000000002d4b4                __crypto_data_load_start__ = ALIGN (__cli_command_end__, 0x4)

.crypto_data    0x000000000002d4b4        0x0
                0x000000000002d4b4                __crypto_data_start__ = .
                0x000000000002d4b4                __start_crypto_data = __crypto_data_start__
 *(SORT_BY_NAME(.crypto_data*))
                0x000000000002d4b4                __crypto_data_end__ = (__crypto_data_start__ + SIZEOF (.crypto_data))
                0x0000000000000000                __crypto_data_size__ = SIZEOF (.crypto_data)
                0x000000000002d4b4                __stop_crypto_data = __crypto_data_end__
                0x000000000002d4b4                __crypto_data_load_end__ = __crypto_data_end__
                0x0000000000000001                . = ASSERT (((__crypto_data_start__ == __crypto_data_end__) || ((__crypto_data_end__ - __FLASH_segment_start__) <= __FLASH_segment_size__)), error: .crypto_data is too large to fit in FLASH memory segment)
                0x000000000002d4b4                __sdh_ble_observers_load_start__ = ALIGN (__crypto_data_end__, 0x4)

.sdh_ble_observers
                0x000000000002d4b4       0x38
                0x000000000002d4b4                __sdh_ble_observers_start__ = .
                0x000000000002d4b4                __start_sdh_ble_observers = __sdh_ble_observers_start__
 *(SORT_BY_NAME(.sdh_ble_observers*))
 .sdh_ble_observers1
                0x000000000002d4b4        0x8 Output/BLE_thermostat Release/Obj/bsp_btn_ble.o
 .sdh_ble_observers1
                0x000000000002d4bc       0x20 Output/BLE_thermostat Release/Obj/main.o
 .sdh_ble_observers2
                0x000000000002d4dc        0x8 Output/BLE_thermostat Release/Obj/main.o
 .sdh_ble_observers3
                0x000000000002d4e4        0x8 Output/BLE_thermostat Release/Obj/main.o
                0x000000000002d4ec                __sdh_ble_observers_end__ = (__sdh_ble_observers_start__ + SIZEOF (.sdh_ble_observers))
                0x0000000000000038                __sdh_ble_observers_size__ = SIZEOF (.sdh_ble_observers)
                0x000000000002d4ec                __stop_sdh_ble_observers = __sdh_ble_observers_end__
                0x000000000002d4ec                __sdh_ble_observers_load_end__ = __sdh_ble_observers_end__
                0x0000000000000001                . = ASSERT (((__sdh_ble_observers_start__ == __sdh_ble_observers_end__) || ((__sdh_ble_observers_end__ - __FLASH_segment_start__) <= __FLASH_segment_size__)), error: .sdh_ble_observers is too large to fit in FLASH memory segment)
                0x000000000002d4ec                __log_backends_load_start__ = ALIGN (__sdh_ble_observers_end__, 0x4)

.log_backends   0x000000000002d4ec       0x10
                0x000000000002d4ec                __log_backends_start__ = .
                0x000000000002d4ec                __start_log_backends = __log_backends_start__
 *(SORT_BY_NAME(.log_backends*))
 .log_backends  0x000000000002d4ec       0x10 Output/BLE_thermostat Release/Obj/nrf_log_default_backends.o
                0x000000000002d4fc                __log_backends_end__ = (__log_backends_start__ + SIZEOF (.log_backends))
                0x0000000000000010                __log_backends_size__ = SIZEOF (.log_backends)
                0x000000000002d4fc                __stop_log_backends = __log_backends_end__
                0x000000000002d4fc                __log_backends_load_end__ = __log_backends_end__
                0x0000000000000001                . = ASSERT (((__log_backends_start__ == __log_backends_end__) || ((__log_backends_end__ - __FLASH_segment_start__) <= __FLASH_segment_size__)), error: .log_backends is too large to fit in FLASH memory segment)
                0x000000000002d4fc                __nrf_sections_load_start__ = ALIGN (__log_backends_end__, 0x4)

.nrf_sections   0x000000000002d4fc        0x0
                0x000000000002d4fc                __nrf_sections_start__ = .
                0x000000000002d4fc                __start_nrf_sections = __nrf_sections_start__
 *(.nrf_sections .nrf_sections.*)
                0x000000000002d4fc                __nrf_sections_end__ = (__nrf_sections_start__ + SIZEOF (.nrf_sections))
                0x0000000000000000                __nrf_sections_size__ = SIZEOF (.nrf_sections)
                0x000000000002d4fc                __nrf_sections_load_end__ = __nrf_sections_end__
                0x0000000000000001                . = ASSERT (((__nrf_sections_start__ == __nrf_sections_end__) || ((__nrf_sections_end__ - __FLASH_segment_start__) <= __FLASH_segment_size__)), error: .nrf_sections is too large to fit in FLASH memory segment)
                0x000000000002d4fc                __log_dynamic_data_load_start__ = ALIGN (__nrf_sections_end__, 0x4)

.log_dynamic_data
                0x0000000020002a28        0x0 load address 0x000000000002d4fc
                0x0000000020002a28                __log_dynamic_data_start__ = .
 *(SORT_BY_NAME(.log_dynamic_data*))
                0x0000000020002a28                __log_dynamic_data_end__ = (__log_dynamic_data_start__ + SIZEOF (.log_dynamic_data))
                0x0000000000000000                __log_dynamic_data_size__ = SIZEOF (.log_dynamic_data)
                0x000000000002d4fc                __log_dynamic_data_load_end__ = (__log_dynamic_data_load_start__ + SIZEOF (.log_dynamic_data))
                0x0000000000000001                . = ASSERT (((__log_dynamic_data_load_start__ == __log_dynamic_data_load_end__) || ((__log_dynamic_data_load_end__ - __FLASH_segment_start__) <= __FLASH_segment_size__)), error: .log_dynamic_data is too large to fit in FLASH memory segment)

.log_dynamic_data_run
                0x0000000020002a28        0x0
                0x0000000020002a28                __log_dynamic_data_run_start__ = .
                0x0000000020002a28                __start_log_dynamic_data = __log_dynamic_data_run_start__
                0x0000000020002a28                . = MAX ((__log_dynamic_data_run_start__ + SIZEOF (.log_dynamic_data)), .)
                0x0000000020002a28                __log_dynamic_data_run_end__ = (__log_dynamic_data_run_start__ + SIZEOF (.log_dynamic_data_run))
                0x0000000000000000                __log_dynamic_data_run_size__ = SIZEOF (.log_dynamic_data_run)
                0x0000000020002a28                __stop_log_dynamic_data = __log_dynamic_data_run_end__
                0x0000000020002a28                __log_dynamic_data_run_load_end__ = __log_dynamic_data_run_end__
                0x0000000000000001                . = ASSERT (((__log_dynamic_data_run_start__ == __log_dynamic_data_run_end__) || ((__log_dynamic_data_run_end__ - __RAM_segment_start__) <= __RAM_segment_size__)), error: .log_dynamic_data_run is too large to fit in RAM memory segment)
                0x000000000002d4fc                __log_filter_data_load_start__ = ALIGN ((__log_dynamic_data_load_start__ + SIZEOF (.log_dynamic_data)), 0x4)

.log_filter_data
                0x0000000020002a28        0x0 load address 0x000000000002d4fc
                0x0000000020002a28                __log_filter_data_start__ = .
 *(SORT_BY_NAME(.log_filter_data*))
                0x0000000020002a28                __log_filter_data_end__ = (__log_filter_data_start__ + SIZEOF (.log_filter_data))
                0x0000000000000000                __log_filter_data_size__ = SIZEOF (.log_filter_data)
                0x000000000002d4fc                __log_filter_data_load_end__ = (__log_filter_data_load_start__ + SIZEOF (.log_filter_data))
                0x0000000000000001                . = ASSERT (((__log_filter_data_load_start__ == __log_filter_data_load_end__) || ((__log_filter_data_load_end__ - __FLASH_segment_start__) <= __FLASH_segment_size__)), error: .log_filter_data is too large to fit in FLASH memory segment)

.log_filter_data_run
                0x0000000020002a28        0x0
                0x0000000020002a28                __log_filter_data_run_start__ = .
                0x0000000020002a28                __start_log_filter_data = __log_filter_data_run_start__
                0x0000000020002a28                . = MAX ((__log_filter_data_run_start__ + SIZEOF (.log_filter_data)), .)
                0x0000000020002a28                __log_filter_data_run_end__ = (__log_filter_data_run_start__ + SIZEOF (.log_filter_data_run))
                0x0000000000000000                __log_filter_data_run_size__ = SIZEOF (.log_filter_data_run)
                0x0000000020002a28                __stop_log_filter_data = __log_filter_data_run_end__
                0x0000000020002a28                __log_filter_data_run_load_end__ = __log_filter_data_run_end__
                0x0000000000000001                . = ASSERT (((__log_filter_data_run_start__ == __log_filter_data_run_end__) || ((__log_filter_data_run_end__ - __RAM_segment_start__) <= __RAM_segment_size__)), error: .log_filter_data_run is too large to fit in RAM memory segment)
                0x000000000002d4fc                __cli_sorted_cmd_ptrs_load_start__ = ALIGN ((__log_filter_data_load_start__ + SIZEOF (.log_filter_data)), 0x4)

.cli_sorted_cmd_ptrs
                0x0000000020002a28        0x0 load address 0x000000000002d4fc
                0x0000000020002a28                __cli_sorted_cmd_ptrs_start__ = .
 *(.cli_sorted_cmd_ptrs*)
                0x0000000020002a28                __cli_sorted_cmd_ptrs_end__ = (__cli_sorted_cmd_ptrs_start__ + SIZEOF (.cli_sorted_cmd_ptrs))
                0x0000000000000000                __cli_sorted_cmd_ptrs_size__ = SIZEOF (.cli_sorted_cmd_ptrs)
                0x000000000002d4fc                __cli_sorted_cmd_ptrs_load_end__ = (__cli_sorted_cmd_ptrs_load_start__ + SIZEOF (.cli_sorted_cmd_ptrs))
                0x0000000000000001                . = ASSERT (((__cli_sorted_cmd_ptrs_load_start__ == __cli_sorted_cmd_ptrs_load_end__) || ((__cli_sorted_cmd_ptrs_load_end__ - __FLASH_segment_start__) <= __FLASH_segment_size__)), error: .cli_sorted_cmd_ptrs is too large to fit in FLASH memory segment)